******************************************************************************
            TI ARM Clang Linker Unix v4.0.4                    
******************************************************************************
>> Linked Sun Dec 14 16:09:44 2025

OUTPUT FILE NAME:   <GPS_Time_Source_Monitor.out>
ENTRY POINT SYMBOL: "_c_int00_noargs"  address: 00000ca9


MEMORY CONFIGURATION

         name            origin    length      used     unused   attr    fill
----------------------  --------  ---------  --------  --------  ----  --------
  FLASH                 00000000   00007ff8  00001190  00006e68  R  X
  SRAM                  20000000   00001000  00000b01  000004ff  RW X
  BCR_CONFIG            41c00000   000000ff  00000000  000000ff  R   
  BSL_CONFIG            41c00100   00000080  00000000  00000080  R   


SEGMENT ALLOCATION MAP

run origin  load origin   length   init length attrs members
----------  ----------- ---------- ----------- ----- -------
00000000    00000000    00001190   00001190    r-x
  00000000    00000000    000000c0   000000c0    r-- .intvecs
  000000c0    000000c0    00000d98   00000d98    r-x .text
  00000e58    00000e58    000001f0   000001f0    r-- .rodata
  00001048    00001048    00000148   00000148    r-- .cinit
20000000    20000000    00000a01   00000000    rw-
  20000000    20000000    00000800   00000000    rw- .bss
  20000800    20000800    00000201   00000000    rw- .data
20000f00    20000f00    00000100   00000000    rw-
  20000f00    20000f00    00000100   00000000    rw- .stack


SECTION ALLOCATION MAP

 output                                  attributes/
section   page    origin      length       input sections
--------  ----  ----------  ----------   ----------------
.intvecs   0    00000000    000000c0     
                  00000000    000000c0     startup_mspm0l110x_ticlang.o (.intvecs)

.text      0    000000c0    00000d98     
                  000000c0    00000434     main.o (.text.main)
                  000004f4    000000f8     oled.o (.text.OLED_write)
                  000005ec    000000e8     oled.o (.text.OLED_num)
                  000006d4    000000a2     oled.o (.text.OLED_Init)
                  00000776    0000009a     libc.a : memcpy16.S.obj (.text:memcpy)
                  00000810    00000080     ti_msp_dl_config.o (.text.SYSCFG_DL_UART_0_init)
                  00000890    0000007c     libc.a : copy_decompress_lzss.c.obj (.text:decompress:lzss)
                  0000090c    00000078     oled.o (.text.OLED_command)
                  00000984    0000006c     ti_msp_dl_config.o (.text.SYSCFG_DL_GPIO_init)
                  000009f0    00000062     libc.a : memset16.S.obj (.text:memset)
                  00000a52    0000005e     driverlib.a : dl_i2c.o (.text.DL_I2C_fillControllerTXFIFO)
                  00000ab0    00000058     ti_msp_dl_config.o (.text.SYSCFG_DL_I2C_init)
                  00000b08    00000050     oled.o (.text.DL_I2C_startControllerTransfer)
                  00000b58    00000048     driverlib.a : dl_uart.o (.text.DL_UART_init)
                  00000ba0    0000003c                 : dl_i2c.o (.text.DL_I2C_flushControllerTXFIFO)
                  00000bdc    0000003c     libc.a : autoinit.c.obj (.text:__TI_auto_init_nobinit_nopinit)
                  00000c18    00000034     ti_msp_dl_config.o (.text.SYSCFG_DL_initPower)
                  00000c4c    00000032     libc.a : strstr.c.obj (.text.strstr)
                  00000c7e    00000028     oled.o (.text.DL_Common_updateReg)
                  00000ca6    00000002     startup_mspm0l110x_ticlang.o (.text.Default_Handler)
                  00000ca8    00000028     libc.a : boot_cortex_m.c.obj (.text:_c_int00_noargs)
                  00000cd0    00000026     driverlib.a : dl_i2c.o (.text.DL_I2C_setClockConfig)
                  00000cf6    00000002     --HOLE-- [fill = 0]
                  00000cf8    00000024     oled.o (.text.DL_I2C_isControllerTXFIFOEmpty)
                  00000d1c    00000024     ti_msp_dl_config.o (.text.SYSCFG_DL_SYSCTL_init)
                  00000d40    00000018     main.o (.text.DL_GPIO_setPins)
                  00000d58    00000018     main.o (.text.DL_UART_isBusy)
                  00000d70    00000018     main.o (.text.DL_UART_isRXFIFOEmpty)
                  00000d88    00000018     ti_msp_dl_config.o (.text.SYSCFG_DL_init)
                  00000da0    00000014     main.o (.text.DL_GPIO_clearPins)
                  00000db4    00000014     oled.o (.text.DL_I2C_getControllerStatus)
                  00000dc8    00000014     main.o (.text.DL_UART_receiveData)
                  00000ddc    00000014     oled.o (.text.OLED_clear)
                  00000df0    00000012     driverlib.a : dl_uart.o (.text.DL_UART_setClockConfig)
                  00000e02    00000012     libc.a : copy_decompress_none.c.obj (.text:decompress:none)
                  00000e14    00000010            : copy_zero_init.c.obj (.text:decompress:ZI)
                  00000e24    0000000c     libclang_rt.builtins.a : aeabi_memset.S.obj (.text.__aeabi_memclr)
                  00000e30    0000000a     driverlib.a : dl_common.o (.text.DL_Common_delayCycles)
                  00000e3a    00000002     --HOLE-- [fill = 0]
                  00000e3c    00000008     libclang_rt.builtins.a : aeabi_memcpy.S.obj (.text.__aeabi_memcpy)
                  00000e44    00000006     libc.a : exit.c.obj (.text:abort)
                  00000e4a    00000004     libsysbm.a : hostexit.c.obj (.text.HOSTexit)
                  00000e4e    00000004     startup_mspm0l110x_ticlang.o (.text.Reset_Handler)
                  00000e52    00000004     libc.a : pre_init.c.obj (.text._system_pre_init)
                  00000e56    00000002     --HOLE-- [fill = 0]

.cinit     0    00001048    00000148     
                  00001048    00000121     (.cinit..data.load) [load image, compression = lzss]
                  00001169    00000003     --HOLE-- [fill = 0]
                  0000116c    0000000c     (__TI_handler_table)
                  00001178    00000008     (.cinit..bss.load) [load image, compression = zero_init]
                  00001180    00000010     (__TI_cinit_table)

.rodata    0    00000e58    000001f0     
                  00000e58    000001ce     oled.o (.rodata.OLED_numbers_16x24)
                  00001026    0000000a     main.o (.rodata..L.str)
                  00001030    0000000a     ti_msp_dl_config.o (.rodata.gUART_0Config)
                  0000103a    00000009     main.o (.rodata..L.str.1)
                  00001043    00000002     ti_msp_dl_config.o (.rodata.gI2CClockConfig)
                  00001045    00000002     ti_msp_dl_config.o (.rodata.gUART_0ClockConfig)
                  00001047    00000001     --HOLE-- [fill = 0]

.init_array 
*          0    00000000    00000000     UNINITIALIZED

.binit     0    00000000    00000000     

.bss       0    20000000    00000800     UNINITIALIZED
                  20000000    00000800     (.common:rxPacket)

.data      0    20000800    00000201     UNINITIALIZED
                  20000800    00000200     oled.o (.data.OLED_buffer)
                  20000a00    00000001     main.o (.data.sys_state)

.stack     0    20000f00    00000100     UNINITIALIZED
                  20000f00    00000004     libc.a : boot_cortex_m.c.obj (.stack)
                  20000f04    000000fc     --HOLE--

__llvm_prf_cnts 
*          0    20000000    00000000     UNINITIALIZED

__llvm_prf_bits 
*          0    20000000    00000000     UNINITIALIZED

MODULE SUMMARY

       Module                         code   ro data   rw data
       ------                         ----   -------   -------
    ./
       main.o                         1188   19        2049   
       oled.o                         958    462       512    
       ti_msp_dl_config.o             436    14        0      
       startup_mspm0l110x_ticlang.o   6      192       0      
    +--+------------------------------+------+---------+---------+
       Total:                         2588   687       2561   
                                                              
    /home/michael/ti/ccs2040/ccs/tools/compiler/ti-cgt-armllvm_4.0.4.LTS/lib/armv6m-ti-none-eabi/c/libc.a
       memcpy16.S.obj                 154    0         0      
       copy_decompress_lzss.c.obj     124    0         0      
       memset16.S.obj                 98     0         0      
       autoinit.c.obj                 60     0         0      
       strstr.c.obj                   50     0         0      
       boot_cortex_m.c.obj            40     0         0      
       copy_decompress_none.c.obj     18     0         0      
       copy_zero_init.c.obj           16     0         0      
       exit.c.obj                     6      0         0      
       pre_init.c.obj                 4      0         0      
    +--+------------------------------+------+---------+---------+
       Total:                         570    0         0      
                                                              
    /home/michael/ti/ccs2040/ccs/tools/compiler/ti-cgt-armllvm_4.0.4.LTS/lib/armv6m-ti-none-eabi/c/libsysbm.a
       hostexit.c.obj                 4      0         0      
    +--+------------------------------+------+---------+---------+
       Total:                         4      0         0      
                                                              
    /home/michael/ti/ccs2040/ccs/tools/compiler/ti-cgt-armllvm_4.0.4.LTS/lib/armv6m-ti-none-eabi/libclang_rt.builtins.a
       aeabi_memset.S.obj             12     0         0      
       aeabi_memcpy.S.obj             8      0         0      
    +--+------------------------------+------+---------+---------+
       Total:                         20     0         0      
                                                              
    /home/michael/ti/mspm0_sdk_2_08_00_04/source/ti/driverlib/lib/ticlang/m0p/mspm0l11xx_l13xx/driverlib.a
       dl_i2c.o                       192    0         0      
       dl_uart.o                      90     0         0      
       dl_common.o                    10     0         0      
    +--+------------------------------+------+---------+---------+
       Total:                         292    0         0      
                                                              
       Stack:                         0      0         256    
       Linker Generated:              0      325       0      
    +--+------------------------------+------+---------+---------+
       Grand Total:                   3474   1012      2817   


LINKER GENERATED COPY TABLES

__TI_cinit_table @ 00001180 records: 2, size/record: 8, table size: 16
	.data: load addr=00001048, load size=00000121 bytes, run addr=20000800, run size=00000201 bytes, compression=lzss
	.bss: load addr=00001178, load size=00000008 bytes, run addr=20000000, run size=00000800 bytes, compression=zero_init


LINKER GENERATED HANDLER TABLE

__TI_handler_table @ 0000116c records: 3, size/record: 4, table size: 12
	index: 0, handler: __TI_decompress_lzss
	index: 1, handler: __TI_decompress_none
	index: 2, handler: __TI_zero_init


GLOBAL SYMBOLS: SORTED ALPHABETICALLY BY Name 

address   name                          
-------   ----                          
00000ca7  ADC0_IRQHandler               
00000e4a  C$$EXIT                       
00000e31  DL_Common_delayCycles         
00000a53  DL_I2C_fillControllerTXFIFO   
00000ba1  DL_I2C_flushControllerTXFIFO  
00000cd1  DL_I2C_setClockConfig         
00000b59  DL_UART_init                  
00000df1  DL_UART_setClockConfig        
00000ca7  DMA_IRQHandler                
00000ca7  Default_Handler               
00000ca7  GROUP0_IRQHandler             
00000ca7  GROUP1_IRQHandler             
00000e4b  HOSTexit                      
00000ca7  HardFault_Handler             
00000ca7  I2C0_IRQHandler               
00000ca7  NMI_Handler                   
000006d5  OLED_Init                     
00000ddd  OLED_clear                    
0000090d  OLED_command                  
000005ed  OLED_num                      
000004f5  OLED_write                    
00000ca7  PendSV_Handler                
00000e4f  Reset_Handler                 
00000ca7  SPI0_IRQHandler               
00000ca7  SVC_Handler                   
00000985  SYSCFG_DL_GPIO_init           
00000ab1  SYSCFG_DL_I2C_init            
00000d1d  SYSCFG_DL_SYSCTL_init         
00000811  SYSCFG_DL_UART_0_init         
00000d89  SYSCFG_DL_init                
00000c19  SYSCFG_DL_initPower           
00000ca7  SysTick_Handler               
00000ca7  TIMG0_IRQHandler              
00000ca7  TIMG1_IRQHandler              
00000ca7  TIMG2_IRQHandler              
00000ca7  TIMG4_IRQHandler              
00000ca7  UART0_IRQHandler              
00000ca7  UART1_IRQHandler              
20001000  __STACK_END                   
00000100  __STACK_SIZE                  
00000000  __TI_ATRegion0_region_sz      
00000000  __TI_ATRegion0_src_addr       
00000000  __TI_ATRegion0_trg_addr       
00000000  __TI_ATRegion1_region_sz      
00000000  __TI_ATRegion1_src_addr       
00000000  __TI_ATRegion1_trg_addr       
00000000  __TI_ATRegion2_region_sz      
00000000  __TI_ATRegion2_src_addr       
00000000  __TI_ATRegion2_trg_addr       
00001180  __TI_CINIT_Base               
00001190  __TI_CINIT_Limit              
00001190  __TI_CINIT_Warm               
0000116c  __TI_Handler_Table_Base       
00001178  __TI_Handler_Table_Limit      
00000bdd  __TI_auto_init_nobinit_nopinit
00000891  __TI_decompress_lzss          
00000e03  __TI_decompress_none          
ffffffff  __TI_pprof_out_hndl           
ffffffff  __TI_prof_data_size           
ffffffff  __TI_prof_data_start          
00000000  __TI_static_base__            
00000e15  __TI_zero_init                
00000e25  __aeabi_memclr                
00000e25  __aeabi_memclr4               
00000e25  __aeabi_memclr8               
00000e3d  __aeabi_memcpy                
00000e3d  __aeabi_memcpy4               
00000e3d  __aeabi_memcpy8               
ffffffff  __binit__                     
UNDEFED   __mpu_init                    
20000f00  __stack                       
20000000  __start___llvm_prf_bits       
20000000  __start___llvm_prf_cnts       
20000000  __stop___llvm_prf_bits        
20000000  __stop___llvm_prf_cnts        
00000ca9  _c_int00_noargs               
UNDEFED   _system_post_cinit            
00000e53  _system_pre_init              
00000e45  abort                         
ffffffff  binit                         
00000000  interruptVectors              
000000c1  main                          
00000777  memcpy                        
000009f1  memset                        
20000000  rxPacket                      
00000c4d  strstr                        
20000a00  sys_state                     


GLOBAL SYMBOLS: SORTED BY Symbol Address 

address   name                          
-------   ----                          
00000000  __TI_ATRegion0_region_sz      
00000000  __TI_ATRegion0_src_addr       
00000000  __TI_ATRegion0_trg_addr       
00000000  __TI_ATRegion1_region_sz      
00000000  __TI_ATRegion1_src_addr       
00000000  __TI_ATRegion1_trg_addr       
00000000  __TI_ATRegion2_region_sz      
00000000  __TI_ATRegion2_src_addr       
00000000  __TI_ATRegion2_trg_addr       
00000000  __TI_static_base__            
00000000  interruptVectors              
000000c1  main                          
00000100  __STACK_SIZE                  
000004f5  OLED_write                    
000005ed  OLED_num                      
000006d5  OLED_Init                     
00000777  memcpy                        
00000811  SYSCFG_DL_UART_0_init         
00000891  __TI_decompress_lzss          
0000090d  OLED_command                  
00000985  SYSCFG_DL_GPIO_init           
000009f1  memset                        
00000a53  DL_I2C_fillControllerTXFIFO   
00000ab1  SYSCFG_DL_I2C_init            
00000b59  DL_UART_init                  
00000ba1  DL_I2C_flushControllerTXFIFO  
00000bdd  __TI_auto_init_nobinit_nopinit
00000c19  SYSCFG_DL_initPower           
00000c4d  strstr                        
00000ca7  ADC0_IRQHandler               
00000ca7  DMA_IRQHandler                
00000ca7  Default_Handler               
00000ca7  GROUP0_IRQHandler             
00000ca7  GROUP1_IRQHandler             
00000ca7  HardFault_Handler             
00000ca7  I2C0_IRQHandler               
00000ca7  NMI_Handler                   
00000ca7  PendSV_Handler                
00000ca7  SPI0_IRQHandler               
00000ca7  SVC_Handler                   
00000ca7  SysTick_Handler               
00000ca7  TIMG0_IRQHandler              
00000ca7  TIMG1_IRQHandler              
00000ca7  TIMG2_IRQHandler              
00000ca7  TIMG4_IRQHandler              
00000ca7  UART0_IRQHandler              
00000ca7  UART1_IRQHandler              
00000ca9  _c_int00_noargs               
00000cd1  DL_I2C_setClockConfig         
00000d1d  SYSCFG_DL_SYSCTL_init         
00000d89  SYSCFG_DL_init                
00000ddd  OLED_clear                    
00000df1  DL_UART_setClockConfig        
00000e03  __TI_decompress_none          
00000e15  __TI_zero_init                
00000e25  __aeabi_memclr                
00000e25  __aeabi_memclr4               
00000e25  __aeabi_memclr8               
00000e31  DL_Common_delayCycles         
00000e3d  __aeabi_memcpy                
00000e3d  __aeabi_memcpy4               
00000e3d  __aeabi_memcpy8               
00000e45  abort                         
00000e4a  C$$EXIT                       
00000e4b  HOSTexit                      
00000e4f  Reset_Handler                 
00000e53  _system_pre_init              
0000116c  __TI_Handler_Table_Base       
00001178  __TI_Handler_Table_Limit      
00001180  __TI_CINIT_Base               
00001190  __TI_CINIT_Limit              
00001190  __TI_CINIT_Warm               
20000000  __start___llvm_prf_bits       
20000000  __start___llvm_prf_cnts       
20000000  __stop___llvm_prf_bits        
20000000  __stop___llvm_prf_cnts        
20000000  rxPacket                      
20000a00  sys_state                     
20000f00  __stack                       
20001000  __STACK_END                   
ffffffff  __TI_pprof_out_hndl           
ffffffff  __TI_prof_data_size           
ffffffff  __TI_prof_data_start          
ffffffff  __binit__                     
ffffffff  binit                         
UNDEFED   __mpu_init                    
UNDEFED   _system_post_cinit            

[87 symbols]
