<?xml version="1.0" encoding="ISO-8859-1" ?>
<link_info>
   <banner>TI ARM Clang Linker PC v4.0.0.LTS</banner>
   <copyright>Copyright (c) 1996-2018 Texas Instruments Incorporated</copyright>
   <command_line>C:\ti\ccstheia151\ccs\tools\compiler\ti-cgt-armllvm_4.0.0.LTS\bin\tiarmlnk -IC:\ti\ccstheia151\ccs\tools\compiler\ti-cgt-armllvm_4.0.0.LTS\lib -o GPS_Time_Source_Monitor.out -mGPS_Time_Source_Monitor.map -iC:/ti/mspm0_sdk_2_02_00_05/source -iC:/Users/Michael/Desktop/Projects/GPS-Time-Source/Firmware/GPS_Time_Source_Monitor -iC:/Users/Michael/Desktop/Projects/GPS-Time-Source/Firmware/GPS_Time_Source_Monitor/Debug/syscfg -iC:/ti/ccstheia151/ccs/tools/compiler/ti-cgt-armllvm_4.0.0.LTS/lib --diag_wrap=off --display_error_number --warn_sections --xml_link_info=GPS_Time_Source_Monitor_linkInfo.xml --rom_model ./ti_msp_dl_config.o ./startup_mspm0l130x_ticlang.o ./main.o ./oled.o -l./device_linker.cmd -ldevice.cmd.genlibs -llibc.a --start-group -llibc++.a -llibc++abi.a -llibc.a -llibsys.a -llibsysbm.a -llibclang_rt.builtins.a -llibclang_rt.profile.a --end-group --cg_opt_level=2</command_line>
   <link_time>0x6721ffea</link_time>
   <link_errors>0x0</link_errors>
   <output_file>C:\Users\Michael\Desktop\Projects\GPS-Time-Source\Firmware\GPS_Time_Source_Monitor\Debug\GPS_Time_Source_Monitor.out</output_file>
   <entry_point>
      <name>_c_int00_noargs</name>
      <address>0xc51</address>
   </entry_point>
   <input_file_list>
      <input_file id="fl-1">
         <path>C:\Users\Michael\Desktop\Projects\GPS-Time-Source\Firmware\GPS_Time_Source_Monitor\Debug\.\</path>
         <kind>object</kind>
         <file>ti_msp_dl_config.o</file>
         <name>ti_msp_dl_config.o</name>
      </input_file>
      <input_file id="fl-2">
         <path>C:\Users\Michael\Desktop\Projects\GPS-Time-Source\Firmware\GPS_Time_Source_Monitor\Debug\.\</path>
         <kind>object</kind>
         <file>startup_mspm0l130x_ticlang.o</file>
         <name>startup_mspm0l130x_ticlang.o</name>
      </input_file>
      <input_file id="fl-3">
         <path>C:\Users\Michael\Desktop\Projects\GPS-Time-Source\Firmware\GPS_Time_Source_Monitor\Debug\.\</path>
         <kind>object</kind>
         <file>main.o</file>
         <name>main.o</name>
      </input_file>
      <input_file id="fl-4">
         <path>C:\Users\Michael\Desktop\Projects\GPS-Time-Source\Firmware\GPS_Time_Source_Monitor\Debug\.\</path>
         <kind>object</kind>
         <file>oled.o</file>
         <name>oled.o</name>
      </input_file>
      <input_file id="fl-11">
         <path>C:\Users\Michael\Desktop\Projects\GPS-Time-Source\Firmware\GPS_Time_Source_Monitor\Debug\</path>
         <kind>object</kind>
         <file>&lt;internal&gt;</file>
         <name>&lt;internal&gt;</name>
      </input_file>
      <input_file id="fl-12">
         <path>C:\ti\mspm0_sdk_2_02_00_05\source\ti\driverlib\lib\ticlang\m0p\mspm0l11xx_l13xx\</path>
         <kind>archive</kind>
         <file>driverlib.a</file>
         <name>dl_common.o</name>
      </input_file>
      <input_file id="fl-13">
         <path>C:\ti\mspm0_sdk_2_02_00_05\source\ti\driverlib\lib\ticlang\m0p\mspm0l11xx_l13xx\</path>
         <kind>archive</kind>
         <file>driverlib.a</file>
         <name>dl_i2c.o</name>
      </input_file>
      <input_file id="fl-14">
         <path>C:\ti\mspm0_sdk_2_02_00_05\source\ti\driverlib\lib\ticlang\m0p\mspm0l11xx_l13xx\</path>
         <kind>archive</kind>
         <file>driverlib.a</file>
         <name>dl_uart.o</name>
      </input_file>
      <input_file id="fl-29">
         <path>C:\ti\ccstheia151\ccs\tools\compiler\ti-cgt-armllvm_4.0.0.LTS\lib\armv6m-ti-none-eabi\c\</path>
         <kind>archive</kind>
         <file>libc.a</file>
         <name>strstr.c.obj</name>
      </input_file>
      <input_file id="fl-2a">
         <path>C:\ti\ccstheia151\ccs\tools\compiler\ti-cgt-armllvm_4.0.0.LTS\lib\armv6m-ti-none-eabi\c\</path>
         <kind>archive</kind>
         <file>libc.a</file>
         <name>boot_cortex_m.c.obj</name>
      </input_file>
      <input_file id="fl-2b">
         <path>C:\ti\ccstheia151\ccs\tools\compiler\ti-cgt-armllvm_4.0.0.LTS\lib\armv6m-ti-none-eabi\c\</path>
         <kind>archive</kind>
         <file>libc.a</file>
         <name>mathacl_init.c.obj</name>
      </input_file>
      <input_file id="fl-2c">
         <path>C:\ti\ccstheia151\ccs\tools\compiler\ti-cgt-armllvm_4.0.0.LTS\lib\armv6m-ti-none-eabi\c\</path>
         <kind>archive</kind>
         <file>libc.a</file>
         <name>autoinit.c.obj</name>
      </input_file>
      <input_file id="fl-2d">
         <path>C:\ti\ccstheia151\ccs\tools\compiler\ti-cgt-armllvm_4.0.0.LTS\lib\armv6m-ti-none-eabi\c\</path>
         <kind>archive</kind>
         <file>libc.a</file>
         <name>pre_init.c.obj</name>
      </input_file>
      <input_file id="fl-2e">
         <path>C:\ti\ccstheia151\ccs\tools\compiler\ti-cgt-armllvm_4.0.0.LTS\lib\armv6m-ti-none-eabi\c\</path>
         <kind>archive</kind>
         <file>libc.a</file>
         <name>cpy_tbl.c.obj</name>
      </input_file>
      <input_file id="fl-2f">
         <path>C:\ti\ccstheia151\ccs\tools\compiler\ti-cgt-armllvm_4.0.0.LTS\lib\armv6m-ti-none-eabi\c\</path>
         <kind>archive</kind>
         <file>libc.a</file>
         <name>copy_zero_init.c.obj</name>
      </input_file>
      <input_file id="fl-30">
         <path>C:\ti\ccstheia151\ccs\tools\compiler\ti-cgt-armllvm_4.0.0.LTS\lib\armv6m-ti-none-eabi\c\</path>
         <kind>archive</kind>
         <file>libc.a</file>
         <name>copy_decompress_none.c.obj</name>
      </input_file>
      <input_file id="fl-31">
         <path>C:\ti\ccstheia151\ccs\tools\compiler\ti-cgt-armllvm_4.0.0.LTS\lib\armv6m-ti-none-eabi\c\</path>
         <kind>archive</kind>
         <file>libc.a</file>
         <name>copy_decompress_lzss.c.obj</name>
      </input_file>
      <input_file id="fl-32">
         <path>C:\ti\ccstheia151\ccs\tools\compiler\ti-cgt-armllvm_4.0.0.LTS\lib\armv6m-ti-none-eabi\c\</path>
         <kind>archive</kind>
         <file>libc.a</file>
         <name>exit.c.obj</name>
      </input_file>
      <input_file id="fl-33">
         <path>C:\ti\ccstheia151\ccs\tools\compiler\ti-cgt-armllvm_4.0.0.LTS\lib\armv6m-ti-none-eabi\c\</path>
         <kind>archive</kind>
         <file>libc.a</file>
         <name>_lock.c.obj</name>
      </input_file>
      <input_file id="fl-34">
         <path>C:\ti\ccstheia151\ccs\tools\compiler\ti-cgt-armllvm_4.0.0.LTS\lib\armv6m-ti-none-eabi\c\</path>
         <kind>archive</kind>
         <file>libc.a</file>
         <name>args_main.c.obj</name>
      </input_file>
      <input_file id="fl-ca">
         <path>C:\ti\ccstheia151\ccs\tools\compiler\ti-cgt-armllvm_4.0.0.LTS\lib\armv6m-ti-none-eabi\</path>
         <kind>archive</kind>
         <file>libclang_rt.builtins.a</file>
         <name>aeabi_memcpy.S.obj</name>
      </input_file>
      <input_file id="fl-cb">
         <path>C:\ti\ccstheia151\ccs\tools\compiler\ti-cgt-armllvm_4.0.0.LTS\lib\armv6m-ti-none-eabi\</path>
         <kind>archive</kind>
         <file>libclang_rt.builtins.a</file>
         <name>aeabi_memset.S.obj</name>
      </input_file>
      <input_file id="fl-cc">
         <path>C:\ti\ccstheia151\ccs\tools\compiler\ti-cgt-armllvm_4.0.0.LTS\lib\armv6m-ti-none-eabi\</path>
         <kind>archive</kind>
         <file>libclang_rt.builtins.a</file>
         <name>aeabi_uidivmod.S.obj</name>
      </input_file>
      <input_file id="fl-cd">
         <path>C:\ti\ccstheia151\ccs\tools\compiler\ti-cgt-armllvm_4.0.0.LTS\lib\armv6m-ti-none-eabi\</path>
         <kind>archive</kind>
         <file>libclang_rt.builtins.a</file>
         <name>aeabi_div0.c.obj</name>
      </input_file>
      <input_file id="fl-ce">
         <path>C:\ti\ccstheia151\ccs\tools\compiler\ti-cgt-armllvm_4.0.0.LTS\lib\armv6m-ti-none-eabi\c\</path>
         <kind>archive</kind>
         <file>libc.a</file>
         <name>memcpy16.S.obj</name>
      </input_file>
      <input_file id="fl-cf">
         <path>C:\ti\ccstheia151\ccs\tools\compiler\ti-cgt-armllvm_4.0.0.LTS\lib\armv6m-ti-none-eabi\c\</path>
         <kind>archive</kind>
         <file>libc.a</file>
         <name>memset16.S.obj</name>
      </input_file>
   </input_file_list>
   <object_component_list>
      <object_component id="oc-18">
         <name>.intvecs</name>
         <load_address>0x0</load_address>
         <readonly>true</readonly>
         <run_address>0x0</run_address>
         <size>0xc0</size>
         <alignment>0x4</alignment>
         <input_file_ref idref="fl-2"/>
      </object_component>
      <object_component id="oc-63">
         <name>.text.main</name>
         <load_address>0xc0</load_address>
         <readonly>true</readonly>
         <executable>true</executable>
         <run_address>0xc0</run_address>
         <size>0x38c</size>
         <alignment>0x4</alignment>
         <input_file_ref idref="fl-3"/>
      </object_component>
      <object_component id="oc-87">
         <name>.text.OLED_write</name>
         <load_address>0x44c</load_address>
         <readonly>true</readonly>
         <executable>true</executable>
         <run_address>0x44c</run_address>
         <size>0xf8</size>
         <alignment>0x4</alignment>
         <input_file_ref idref="fl-4"/>
      </object_component>
      <object_component id="oc-92">
         <name>.text.OLED_num</name>
         <load_address>0x544</load_address>
         <readonly>true</readonly>
         <executable>true</executable>
         <run_address>0x544</run_address>
         <size>0xe8</size>
         <alignment>0x4</alignment>
         <input_file_ref idref="fl-4"/>
      </object_component>
      <object_component id="oc-82">
         <name>.text.OLED_Init</name>
         <load_address>0x62c</load_address>
         <readonly>true</readonly>
         <executable>true</executable>
         <run_address>0x62c</run_address>
         <size>0xa2</size>
         <alignment>0x2</alignment>
         <input_file_ref idref="fl-4"/>
      </object_component>
      <object_component id="oc-77">
         <name>.text:memcpy</name>
         <load_address>0x6ce</load_address>
         <readonly>true</readonly>
         <executable>true</executable>
         <run_address>0x6ce</run_address>
         <size>0x9a</size>
         <alignment>0x1</alignment>
         <input_file_ref idref="fl-ce"/>
      </object_component>
      <object_component id="oc-bd">
         <name>.text.SYSCFG_DL_UART_0_init</name>
         <load_address>0x768</load_address>
         <readonly>true</readonly>
         <executable>true</executable>
         <run_address>0x768</run_address>
         <size>0x80</size>
         <alignment>0x4</alignment>
         <input_file_ref idref="fl-1"/>
      </object_component>
      <object_component id="oc-1c">
         <name>.text:decompress:lzss</name>
         <load_address>0x7e8</load_address>
         <readonly>true</readonly>
         <executable>true</executable>
         <run_address>0x7e8</run_address>
         <size>0x7c</size>
         <alignment>0x4</alignment>
         <input_file_ref idref="fl-31"/>
      </object_component>
      <object_component id="oc-c0">
         <name>.text.OLED_command</name>
         <load_address>0x864</load_address>
         <readonly>true</readonly>
         <executable>true</executable>
         <run_address>0x864</run_address>
         <size>0x78</size>
         <alignment>0x4</alignment>
         <input_file_ref idref="fl-4"/>
      </object_component>
      <object_component id="oc-b9">
         <name>.text.SYSCFG_DL_GPIO_init</name>
         <load_address>0x8dc</load_address>
         <readonly>true</readonly>
         <executable>true</executable>
         <run_address>0x8dc</run_address>
         <size>0x78</size>
         <alignment>0x4</alignment>
         <input_file_ref idref="fl-1"/>
      </object_component>
      <object_component id="oc-b7">
         <name>.text:memset</name>
         <load_address>0x954</load_address>
         <readonly>true</readonly>
         <executable>true</executable>
         <run_address>0x954</run_address>
         <size>0x62</size>
         <alignment>0x1</alignment>
         <input_file_ref idref="fl-cf"/>
      </object_component>
      <object_component id="oc-33">
         <name>.text.Default_Handler</name>
         <load_address>0x9b6</load_address>
         <readonly>true</readonly>
         <executable>true</executable>
         <run_address>0x9b6</run_address>
         <size>0x2</size>
         <alignment>0x2</alignment>
         <input_file_ref idref="fl-2"/>
      </object_component>
      <object_component id="oc-bc">
         <name>.text.SYSCFG_DL_I2C_init</name>
         <load_address>0x9b8</load_address>
         <readonly>true</readonly>
         <executable>true</executable>
         <run_address>0x9b8</run_address>
         <size>0x58</size>
         <alignment>0x4</alignment>
         <input_file_ref idref="fl-1"/>
      </object_component>
      <object_component id="oc-c3">
         <name>.text.DL_I2C_fillControllerTXFIFO</name>
         <load_address>0xa10</load_address>
         <readonly>true</readonly>
         <executable>true</executable>
         <run_address>0xa10</run_address>
         <size>0x54</size>
         <alignment>0x2</alignment>
         <input_file_ref idref="fl-13"/>
      </object_component>
      <object_component id="oc-c5">
         <name>.text.DL_I2C_startControllerTransfer</name>
         <load_address>0xa64</load_address>
         <readonly>true</readonly>
         <executable>true</executable>
         <run_address>0xa64</run_address>
         <size>0x50</size>
         <alignment>0x4</alignment>
         <input_file_ref idref="fl-4"/>
      </object_component>
      <object_component id="oc-dd">
         <name>.text.DL_UART_init</name>
         <load_address>0xab4</load_address>
         <readonly>true</readonly>
         <executable>true</executable>
         <run_address>0xab4</run_address>
         <size>0x4c</size>
         <alignment>0x4</alignment>
         <input_file_ref idref="fl-14"/>
      </object_component>
      <object_component id="oc-9f">
         <name>.text:__TI_auto_init_nobinit_nopinit</name>
         <load_address>0xb00</load_address>
         <readonly>true</readonly>
         <executable>true</executable>
         <run_address>0xb00</run_address>
         <size>0x3c</size>
         <alignment>0x4</alignment>
         <input_file_ref idref="fl-2c"/>
      </object_component>
      <object_component id="oc-da">
         <name>.text.DL_I2C_setClockConfig</name>
         <load_address>0xb3c</load_address>
         <readonly>true</readonly>
         <executable>true</executable>
         <run_address>0xb3c</run_address>
         <size>0x34</size>
         <alignment>0x4</alignment>
         <input_file_ref idref="fl-13"/>
      </object_component>
      <object_component id="oc-b8">
         <name>.text.SYSCFG_DL_initPower</name>
         <load_address>0xb70</load_address>
         <readonly>true</readonly>
         <executable>true</executable>
         <run_address>0xb70</run_address>
         <size>0x34</size>
         <alignment>0x4</alignment>
         <input_file_ref idref="fl-1"/>
      </object_component>
      <object_component id="oc-8d">
         <name>.text.strstr</name>
         <load_address>0xba4</load_address>
         <readonly>true</readonly>
         <executable>true</executable>
         <run_address>0xba4</run_address>
         <size>0x32</size>
         <alignment>0x2</alignment>
         <input_file_ref idref="fl-29"/>
      </object_component>
      <object_component id="oc-ef">
         <name>.text.DL_Common_updateReg</name>
         <load_address>0xbd6</load_address>
         <readonly>true</readonly>
         <executable>true</executable>
         <run_address>0xbd6</run_address>
         <size>0x28</size>
         <alignment>0x2</alignment>
         <input_file_ref idref="fl-13"/>
      </object_component>
      <object_component id="oc-f1">
         <name>.text.DL_Common_updateReg</name>
         <load_address>0xbfe</load_address>
         <readonly>true</readonly>
         <executable>true</executable>
         <run_address>0xbfe</run_address>
         <size>0x28</size>
         <alignment>0x2</alignment>
         <input_file_ref idref="fl-14"/>
      </object_component>
      <object_component id="oc-e2">
         <name>.text.DL_Common_updateReg</name>
         <load_address>0xc26</load_address>
         <readonly>true</readonly>
         <executable>true</executable>
         <run_address>0xc26</run_address>
         <size>0x28</size>
         <alignment>0x2</alignment>
         <input_file_ref idref="fl-4"/>
      </object_component>
      <object_component id="oc-4f">
         <name>.text:_c_int00_noargs</name>
         <load_address>0xc50</load_address>
         <readonly>true</readonly>
         <executable>true</executable>
         <run_address>0xc50</run_address>
         <size>0x28</size>
         <alignment>0x4</alignment>
         <input_file_ref idref="fl-2a"/>
      </object_component>
      <object_component id="oc-c7">
         <name>.text.DL_I2C_flushControllerTXFIFO</name>
         <load_address>0xc78</load_address>
         <readonly>true</readonly>
         <executable>true</executable>
         <run_address>0xc78</run_address>
         <size>0x26</size>
         <alignment>0x2</alignment>
         <input_file_ref idref="fl-13"/>
      </object_component>
      <object_component id="oc-e4">
         <name>.text.DL_I2C_isControllerTXFIFOEmpty</name>
         <load_address>0xca0</load_address>
         <readonly>true</readonly>
         <executable>true</executable>
         <run_address>0xca0</run_address>
         <size>0x24</size>
         <alignment>0x4</alignment>
         <input_file_ref idref="fl-13"/>
      </object_component>
      <object_component id="oc-c6">
         <name>.text.DL_I2C_isControllerTXFIFOEmpty</name>
         <load_address>0xcc4</load_address>
         <readonly>true</readonly>
         <executable>true</executable>
         <run_address>0xcc4</run_address>
         <size>0x24</size>
         <alignment>0x4</alignment>
         <input_file_ref idref="fl-4"/>
      </object_component>
      <object_component id="oc-dc">
         <name>.text.DL_UART_setClockConfig</name>
         <load_address>0xce8</load_address>
         <readonly>true</readonly>
         <executable>true</executable>
         <run_address>0xce8</run_address>
         <size>0x24</size>
         <alignment>0x4</alignment>
         <input_file_ref idref="fl-14"/>
      </object_component>
      <object_component id="oc-e0">
         <name>.text.DL_I2C_isControllerTXFIFOFull</name>
         <load_address>0xd0c</load_address>
         <readonly>true</readonly>
         <executable>true</executable>
         <run_address>0xd0c</run_address>
         <size>0x1c</size>
         <alignment>0x4</alignment>
         <input_file_ref idref="fl-13"/>
      </object_component>
      <object_component id="oc-bb">
         <name>.text.SYSCFG_DL_SYSCTL_init</name>
         <load_address>0xd28</load_address>
         <readonly>true</readonly>
         <executable>true</executable>
         <run_address>0xd28</run_address>
         <size>0x1c</size>
         <alignment>0x4</alignment>
         <input_file_ref idref="fl-1"/>
      </object_component>
      <object_component id="oc-81">
         <name>.text.DL_GPIO_setPins</name>
         <load_address>0xd44</load_address>
         <readonly>true</readonly>
         <executable>true</executable>
         <run_address>0xd44</run_address>
         <size>0x18</size>
         <alignment>0x4</alignment>
         <input_file_ref idref="fl-3"/>
      </object_component>
      <object_component id="oc-e3">
         <name>.text.DL_I2C_startFlushControllerTXFIFO</name>
         <load_address>0xd5c</load_address>
         <readonly>true</readonly>
         <executable>true</executable>
         <run_address>0xd5c</run_address>
         <size>0x18</size>
         <alignment>0x4</alignment>
         <input_file_ref idref="fl-13"/>
      </object_component>
      <object_component id="oc-e5">
         <name>.text.DL_I2C_stopFlushControllerTXFIFO</name>
         <load_address>0xd74</load_address>
         <readonly>true</readonly>
         <executable>true</executable>
         <run_address>0xd74</run_address>
         <size>0x18</size>
         <alignment>0x4</alignment>
         <input_file_ref idref="fl-13"/>
      </object_component>
      <object_component id="oc-89">
         <name>.text.DL_UART_isBusy</name>
         <load_address>0xd8c</load_address>
         <readonly>true</readonly>
         <executable>true</executable>
         <run_address>0xd8c</run_address>
         <size>0x18</size>
         <alignment>0x4</alignment>
         <input_file_ref idref="fl-3"/>
      </object_component>
      <object_component id="oc-8a">
         <name>.text.DL_UART_isRXFIFOEmpty</name>
         <load_address>0xda4</load_address>
         <readonly>true</readonly>
         <executable>true</executable>
         <run_address>0xda4</run_address>
         <size>0x18</size>
         <alignment>0x4</alignment>
         <input_file_ref idref="fl-3"/>
      </object_component>
      <object_component id="oc-7c">
         <name>.text.SYSCFG_DL_init</name>
         <load_address>0xdbc</load_address>
         <readonly>true</readonly>
         <executable>true</executable>
         <run_address>0xdbc</run_address>
         <size>0x18</size>
         <alignment>0x2</alignment>
         <input_file_ref idref="fl-1"/>
      </object_component>
      <object_component id="oc-e1">
         <name>.text.DL_I2C_transmitControllerData</name>
         <load_address>0xdd4</load_address>
         <readonly>true</readonly>
         <executable>true</executable>
         <run_address>0xdd4</run_address>
         <size>0x16</size>
         <alignment>0x2</alignment>
         <input_file_ref idref="fl-13"/>
      </object_component>
      <object_component id="oc-f0">
         <name>.text.DL_UART_disable</name>
         <load_address>0xdea</load_address>
         <readonly>true</readonly>
         <executable>true</executable>
         <run_address>0xdea</run_address>
         <size>0x16</size>
         <alignment>0x2</alignment>
         <input_file_ref idref="fl-14"/>
      </object_component>
      <object_component id="oc-88">
         <name>.text.DL_Common_delayCycles</name>
         <load_address>0xe00</load_address>
         <readonly>true</readonly>
         <executable>true</executable>
         <run_address>0xe00</run_address>
         <size>0x14</size>
         <alignment>0x2</alignment>
         <input_file_ref idref="fl-12"/>
      </object_component>
      <object_component id="oc-8b">
         <name>.text.DL_GPIO_clearPins</name>
         <load_address>0xe14</load_address>
         <readonly>true</readonly>
         <executable>true</executable>
         <run_address>0xe14</run_address>
         <size>0x14</size>
         <alignment>0x2</alignment>
         <input_file_ref idref="fl-3"/>
      </object_component>
      <object_component id="oc-c4">
         <name>.text.DL_I2C_getControllerStatus</name>
         <load_address>0xe28</load_address>
         <readonly>true</readonly>
         <executable>true</executable>
         <run_address>0xe28</run_address>
         <size>0x14</size>
         <alignment>0x4</alignment>
         <input_file_ref idref="fl-4"/>
      </object_component>
      <object_component id="oc-8c">
         <name>.text.DL_UART_receiveData</name>
         <load_address>0xe3c</load_address>
         <readonly>true</readonly>
         <executable>true</executable>
         <run_address>0xe3c</run_address>
         <size>0x14</size>
         <alignment>0x4</alignment>
         <input_file_ref idref="fl-3"/>
      </object_component>
      <object_component id="oc-91">
         <name>.text.OLED_clear</name>
         <load_address>0xe50</load_address>
         <readonly>true</readonly>
         <executable>true</executable>
         <run_address>0xe50</run_address>
         <size>0x14</size>
         <alignment>0x4</alignment>
         <input_file_ref idref="fl-4"/>
      </object_component>
      <object_component id="oc-20">
         <name>.text:decompress:none</name>
         <load_address>0xe64</load_address>
         <readonly>true</readonly>
         <executable>true</executable>
         <run_address>0xe64</run_address>
         <size>0x12</size>
         <alignment>0x2</alignment>
         <input_file_ref idref="fl-30"/>
      </object_component>
      <object_component id="oc-4c">
         <name>.text:decompress:ZI</name>
         <load_address>0xe76</load_address>
         <readonly>true</readonly>
         <executable>true</executable>
         <run_address>0xe76</run_address>
         <size>0x10</size>
         <alignment>0x2</alignment>
         <input_file_ref idref="fl-2f"/>
      </object_component>
      <object_component id="oc-5a">
         <name>.text.__aeabi_memclr</name>
         <load_address>0xe88</load_address>
         <readonly>true</readonly>
         <executable>true</executable>
         <run_address>0xe88</run_address>
         <size>0xc</size>
         <alignment>0x4</alignment>
         <input_file_ref idref="fl-cb"/>
      </object_component>
      <object_component id="oc-3f">
         <name>.text.__aeabi_memcpy</name>
         <load_address>0xe94</load_address>
         <readonly>true</readonly>
         <executable>true</executable>
         <run_address>0xe94</run_address>
         <size>0x8</size>
         <alignment>0x4</alignment>
         <input_file_ref idref="fl-ca"/>
      </object_component>
      <object_component id="oc-2f">
         <name>.text.Reset_Handler</name>
         <load_address>0xe9c</load_address>
         <readonly>true</readonly>
         <executable>true</executable>
         <run_address>0xe9c</run_address>
         <size>0x4</size>
         <alignment>0x2</alignment>
         <input_file_ref idref="fl-2"/>
      </object_component>
      <object_component id="oc-5f">
         <name>.text._system_pre_init</name>
         <load_address>0xea0</load_address>
         <readonly>true</readonly>
         <executable>true</executable>
         <run_address>0xea0</run_address>
         <size>0x4</size>
         <alignment>0x2</alignment>
         <input_file_ref idref="fl-2d"/>
      </object_component>
      <object_component id="oc-98">
         <name>.text:abort</name>
         <load_address>0xea4</load_address>
         <readonly>true</readonly>
         <executable>true</executable>
         <run_address>0xea4</run_address>
         <size>0x4</size>
         <alignment>0x2</alignment>
         <input_file_ref idref="fl-32"/>
      </object_component>
      <object_component id="oc-133">
         <name>.cinit..data.load</name>
         <load_address>0x1090</load_address>
         <readonly>true</readonly>
         <run_address>0x1090</run_address>
         <size>0x121</size>
         <alignment>0x1</alignment>
      </object_component>
      <object_component id="oc-131">
         <name>__TI_handler_table</name>
         <load_address>0x11b4</load_address>
         <readonly>true</readonly>
         <run_address>0x11b4</run_address>
         <size>0xc</size>
         <alignment>0x4</alignment>
      </object_component>
      <object_component id="oc-134">
         <name>.cinit..bss.load</name>
         <load_address>0x11c0</load_address>
         <readonly>true</readonly>
         <run_address>0x11c0</run_address>
         <size>0x8</size>
         <alignment>0x4</alignment>
      </object_component>
      <object_component id="oc-132">
         <name>__TI_cinit_table</name>
         <load_address>0x11c8</load_address>
         <readonly>true</readonly>
         <run_address>0x11c8</run_address>
         <size>0x10</size>
         <alignment>0x4</alignment>
      </object_component>
      <object_component id="oc-cc">
         <name>.rodata.OLED_numbers_16x24</name>
         <load_address>0xea8</load_address>
         <readonly>true</readonly>
         <run_address>0xea8</run_address>
         <size>0x1ce</size>
         <alignment>0x1</alignment>
         <input_file_ref idref="fl-4"/>
      </object_component>
      <object_component id="oc-95">
         <name>.rodata..L.str</name>
         <load_address>0x1076</load_address>
         <readonly>true</readonly>
         <run_address>0x1076</run_address>
         <size>0xa</size>
         <alignment>0x1</alignment>
         <input_file_ref idref="fl-3"/>
      </object_component>
      <object_component id="oc-df">
         <name>.rodata.gUART_0Config</name>
         <load_address>0x1080</load_address>
         <readonly>true</readonly>
         <run_address>0x1080</run_address>
         <size>0xa</size>
         <alignment>0x2</alignment>
         <input_file_ref idref="fl-1"/>
      </object_component>
      <object_component id="oc-db">
         <name>.rodata.gI2CClockConfig</name>
         <load_address>0x108a</load_address>
         <readonly>true</readonly>
         <run_address>0x108a</run_address>
         <size>0x2</size>
         <alignment>0x1</alignment>
         <input_file_ref idref="fl-1"/>
      </object_component>
      <object_component id="oc-de">
         <name>.rodata.gUART_0ClockConfig</name>
         <load_address>0x108c</load_address>
         <readonly>true</readonly>
         <run_address>0x108c</run_address>
         <size>0x2</size>
         <alignment>0x1</alignment>
         <input_file_ref idref="fl-1"/>
      </object_component>
      <object_component id="oc-fb">
         <name>.binit</name>
         <load_address>0x0</load_address>
         <readonly>true</readonly>
         <run_address>0x0</run_address>
         <size>0x0</size>
         <alignment>0x4</alignment>
      </object_component>
      <object_component id="oc-93">
         <name>.data.sys_state</name>
         <load_address>0x20000a00</load_address>
         <readwrite>true</readwrite>
         <run_address>0x20000a00</run_address>
         <size>0x1</size>
         <alignment>0x1</alignment>
         <input_file_ref idref="fl-3"/>
      </object_component>
      <object_component id="oc-c8">
         <name>.data.OLED_buffer</name>
         <load_address>0x20000800</load_address>
         <readwrite>true</readwrite>
         <run_address>0x20000800</run_address>
         <size>0x200</size>
         <alignment>0x1</alignment>
         <input_file_ref idref="fl-4"/>
      </object_component>
      <object_component id="oc-94">
         <name>.common:rxPacket</name>
         <uninitialized>true</uninitialized>
         <readwrite>true</readwrite>
         <run_address>0x20000000</run_address>
         <size>0x800</size>
         <alignment>0x1</alignment>
      </object_component>
      <object_component id="oc-1a">
         <name>.stack</name>
         <uninitialized>true</uninitialized>
         <readwrite>true</readwrite>
         <run_address>0x20000f00</run_address>
         <size>0x4</size>
         <alignment>0x4</alignment>
         <input_file_ref idref="fl-2a"/>
      </object_component>
      <object_component id="oc-136">
         <name>.stack</name>
         <uninitialized>true</uninitialized>
         <readwrite>true</readwrite>
         <run_address>0x20000f00</run_address>
         <size>0x0</size>
         <alignment>0x8</alignment>
      </object_component>
      <object_component id="oc-ba">
         <name>.debug_loc</name>
         <load_address>0x0</load_address>
         <run_address>0x0</run_address>
         <size>0x2e3</size>
         <alignment>0x1</alignment>
         <input_file_ref idref="fl-1"/>
      </object_component>
      <object_component id="oc-cb">
         <name>.debug_loc</name>
         <load_address>0x2e3</load_address>
         <run_address>0x2e3</run_address>
         <size>0x91</size>
         <alignment>0x1</alignment>
         <input_file_ref idref="fl-29"/>
      </object_component>
      <object_component id="oc-3a">
         <name>.debug_loc</name>
         <load_address>0x374</load_address>
         <run_address>0x374</run_address>
         <size>0xd8</size>
         <alignment>0x1</alignment>
         <input_file_ref idref="fl-2a"/>
      </object_component>
      <object_component id="oc-a0">
         <name>.debug_loc</name>
         <load_address>0x44c</load_address>
         <run_address>0x44c</run_address>
         <size>0x424</size>
         <alignment>0x1</alignment>
         <input_file_ref idref="fl-2c"/>
      </object_component>
      <object_component id="oc-4b">
         <name>.debug_loc</name>
         <load_address>0x870</load_address>
         <run_address>0x870</run_address>
         <size>0x16c</size>
         <alignment>0x1</alignment>
         <input_file_ref idref="fl-2f"/>
      </object_component>
      <object_component id="oc-45">
         <name>.debug_loc</name>
         <load_address>0x9dc</load_address>
         <run_address>0x9dc</run_address>
         <size>0x6f</size>
         <alignment>0x1</alignment>
         <input_file_ref idref="fl-30"/>
      </object_component>
      <object_component id="oc-3d">
         <name>.debug_loc</name>
         <load_address>0xa4b</load_address>
         <run_address>0xa4b</run_address>
         <size>0x167</size>
         <alignment>0x1</alignment>
         <input_file_ref idref="fl-31"/>
      </object_component>
      <object_component id="oc-9e">
         <name>.debug_loc</name>
         <load_address>0xbb2</load_address>
         <run_address>0xbb2</run_address>
         <size>0x26</size>
         <alignment>0x1</alignment>
         <input_file_ref idref="fl-32"/>
      </object_component>
      <object_component id="oc-be">
         <name>.debug_abbrev</name>
         <load_address>0x0</load_address>
         <run_address>0x0</run_address>
         <size>0x1eb</size>
         <alignment>0x1</alignment>
         <input_file_ref idref="fl-1"/>
      </object_component>
      <object_component id="oc-34">
         <name>.debug_abbrev</name>
         <load_address>0x1eb</load_address>
         <run_address>0x1eb</run_address>
         <size>0x6d</size>
         <alignment>0x1</alignment>
         <input_file_ref idref="fl-2"/>
      </object_component>
      <object_component id="oc-96">
         <name>.debug_abbrev</name>
         <load_address>0x258</load_address>
         <run_address>0x258</run_address>
         <size>0x14f</size>
         <alignment>0x1</alignment>
         <input_file_ref idref="fl-3"/>
      </object_component>
      <object_component id="oc-c1">
         <name>.debug_abbrev</name>
         <load_address>0x3a7</load_address>
         <run_address>0x3a7</run_address>
         <size>0x1cd</size>
         <alignment>0x1</alignment>
         <input_file_ref idref="fl-4"/>
      </object_component>
      <object_component id="oc-c9">
         <name>.debug_abbrev</name>
         <load_address>0x574</load_address>
         <run_address>0x574</run_address>
         <size>0x8a</size>
         <alignment>0x1</alignment>
         <input_file_ref idref="fl-29"/>
      </object_component>
      <object_component id="oc-36">
         <name>.debug_abbrev</name>
         <load_address>0x5fe</load_address>
         <run_address>0x5fe</run_address>
         <size>0xaf</size>
         <alignment>0x1</alignment>
         <input_file_ref idref="fl-2a"/>
      </object_component>
      <object_component id="oc-d3">
         <name>.debug_abbrev</name>
         <load_address>0x6ad</load_address>
         <run_address>0x6ad</run_address>
         <size>0x170</size>
         <alignment>0x1</alignment>
         <input_file_ref idref="fl-2c"/>
      </object_component>
      <object_component id="oc-7a">
         <name>.debug_abbrev</name>
         <load_address>0x81d</load_address>
         <run_address>0x81d</run_address>
         <size>0x39</size>
         <alignment>0x1</alignment>
         <input_file_ref idref="fl-2d"/>
      </object_component>
      <object_component id="oc-58">
         <name>.debug_abbrev</name>
         <load_address>0x856</load_address>
         <run_address>0x856</run_address>
         <size>0xc2</size>
         <alignment>0x1</alignment>
         <input_file_ref idref="fl-2f"/>
      </object_component>
      <object_component id="oc-43">
         <name>.debug_abbrev</name>
         <load_address>0x918</load_address>
         <run_address>0x918</run_address>
         <size>0x70</size>
         <alignment>0x1</alignment>
         <input_file_ref idref="fl-30"/>
      </object_component>
      <object_component id="oc-3b">
         <name>.debug_abbrev</name>
         <load_address>0x988</load_address>
         <run_address>0x988</run_address>
         <size>0x8d</size>
         <alignment>0x1</alignment>
         <input_file_ref idref="fl-31"/>
      </object_component>
      <object_component id="oc-cd">
         <name>.debug_abbrev</name>
         <load_address>0xa15</load_address>
         <run_address>0xa15</run_address>
         <size>0xb3</size>
         <alignment>0x1</alignment>
         <input_file_ref idref="fl-32"/>
      </object_component>
      <object_component id="oc-57">
         <name>.debug_abbrev</name>
         <load_address>0xac8</load_address>
         <run_address>0xac8</run_address>
         <size>0x27</size>
         <alignment>0x1</alignment>
         <input_file_ref idref="fl-ca"/>
      </object_component>
      <object_component id="oc-79">
         <name>.debug_abbrev</name>
         <load_address>0xaef</load_address>
         <run_address>0xaef</run_address>
         <size>0x25</size>
         <alignment>0x1</alignment>
         <input_file_ref idref="fl-cb"/>
      </object_component>
      <object_component id="oc-b1">
         <name>.debug_abbrev</name>
         <load_address>0xb14</load_address>
         <run_address>0xb14</run_address>
         <size>0x25</size>
         <alignment>0x1</alignment>
         <input_file_ref idref="fl-ce"/>
      </object_component>
      <object_component id="oc-d9">
         <name>.debug_abbrev</name>
         <load_address>0xb39</load_address>
         <run_address>0xb39</run_address>
         <size>0x25</size>
         <alignment>0x1</alignment>
         <input_file_ref idref="fl-cf"/>
      </object_component>
      <object_component id="oc-138">
         <name>.debug_abbrev</name>
         <load_address>0xb5e</load_address>
         <run_address>0xb5e</run_address>
         <size>0xf</size>
         <alignment>0x0</alignment>
      </object_component>
      <object_component id="oc-7f">
         <name>.debug_info</name>
         <load_address>0x0</load_address>
         <run_address>0x0</run_address>
         <size>0x2bfe</size>
         <alignment>0x1</alignment>
         <input_file_ref idref="fl-1"/>
      </object_component>
      <object_component id="oc-19">
         <name>.debug_info</name>
         <load_address>0x2bfe</load_address>
         <run_address>0x2bfe</run_address>
         <size>0x80</size>
         <alignment>0x1</alignment>
         <input_file_ref idref="fl-2"/>
      </object_component>
      <object_component id="oc-64">
         <name>.debug_info</name>
         <load_address>0x2c7e</load_address>
         <run_address>0x2c7e</run_address>
         <size>0xf1b</size>
         <alignment>0x1</alignment>
         <input_file_ref idref="fl-3"/>
      </object_component>
      <object_component id="oc-86">
         <name>.debug_info</name>
         <load_address>0x3b99</load_address>
         <run_address>0x3b99</run_address>
         <size>0xd08</size>
         <alignment>0x1</alignment>
         <input_file_ref idref="fl-4"/>
      </object_component>
      <object_component id="oc-8e">
         <name>.debug_info</name>
         <load_address>0x48a1</load_address>
         <run_address>0x48a1</run_address>
         <size>0xb0</size>
         <alignment>0x1</alignment>
         <input_file_ref idref="fl-29"/>
      </object_component>
      <object_component id="oc-1b">
         <name>.debug_info</name>
         <load_address>0x4951</load_address>
         <run_address>0x4951</run_address>
         <size>0x423</size>
         <alignment>0x1</alignment>
         <input_file_ref idref="fl-2a"/>
      </object_component>
      <object_component id="oc-a2">
         <name>.debug_info</name>
         <load_address>0x4d74</load_address>
         <run_address>0x4d74</run_address>
         <size>0x744</size>
         <alignment>0x1</alignment>
         <input_file_ref idref="fl-2c"/>
      </object_component>
      <object_component id="oc-60">
         <name>.debug_info</name>
         <load_address>0x54b8</load_address>
         <run_address>0x54b8</run_address>
         <size>0x46</size>
         <alignment>0x1</alignment>
         <input_file_ref idref="fl-2d"/>
      </object_component>
      <object_component id="oc-49">
         <name>.debug_info</name>
         <load_address>0x54fe</load_address>
         <run_address>0x54fe</run_address>
         <size>0x192</size>
         <alignment>0x1</alignment>
         <input_file_ref idref="fl-2f"/>
      </object_component>
      <object_component id="oc-22">
         <name>.debug_info</name>
         <load_address>0x5690</load_address>
         <run_address>0x5690</run_address>
         <size>0xc6</size>
         <alignment>0x1</alignment>
         <input_file_ref idref="fl-30"/>
      </object_component>
      <object_component id="oc-1e">
         <name>.debug_info</name>
         <load_address>0x5756</load_address>
         <run_address>0x5756</run_address>
         <size>0x17c</size>
         <alignment>0x1</alignment>
         <input_file_ref idref="fl-31"/>
      </object_component>
      <object_component id="oc-99">
         <name>.debug_info</name>
         <load_address>0x58d2</load_address>
         <run_address>0x58d2</run_address>
         <size>0xed</size>
         <alignment>0x1</alignment>
         <input_file_ref idref="fl-32"/>
      </object_component>
      <object_component id="oc-40">
         <name>.debug_info</name>
         <load_address>0x59bf</load_address>
         <run_address>0x59bf</run_address>
         <size>0x199</size>
         <alignment>0x1</alignment>
         <input_file_ref idref="fl-ca"/>
      </object_component>
      <object_component id="oc-5c">
         <name>.debug_info</name>
         <load_address>0x5b58</load_address>
         <run_address>0x5b58</run_address>
         <size>0x1b5</size>
         <alignment>0x1</alignment>
         <input_file_ref idref="fl-cb"/>
      </object_component>
      <object_component id="oc-73">
         <name>.debug_info</name>
         <load_address>0x5d0d</load_address>
         <run_address>0x5d0d</run_address>
         <size>0x2fa</size>
         <alignment>0x1</alignment>
         <input_file_ref idref="fl-ce"/>
      </object_component>
      <object_component id="oc-b4">
         <name>.debug_info</name>
         <load_address>0x6007</load_address>
         <run_address>0x6007</run_address>
         <size>0x244</size>
         <alignment>0x1</alignment>
         <input_file_ref idref="fl-cf"/>
      </object_component>
      <object_component id="oc-137">
         <name>.debug_info</name>
         <load_address>0x624b</load_address>
         <run_address>0x624b</run_address>
         <size>0xcc</size>
         <alignment>0x0</alignment>
      </object_component>
      <object_component id="oc-7d">
         <name>.debug_ranges</name>
         <load_address>0x0</load_address>
         <run_address>0x0</run_address>
         <size>0x38</size>
         <alignment>0x1</alignment>
         <input_file_ref idref="fl-1"/>
      </object_component>
      <object_component id="oc-31">
         <name>.debug_ranges</name>
         <load_address>0x38</load_address>
         <run_address>0x38</run_address>
         <size>0x18</size>
         <alignment>0x1</alignment>
         <input_file_ref idref="fl-2"/>
      </object_component>
      <object_component id="oc-65">
         <name>.debug_ranges</name>
         <load_address>0x50</load_address>
         <run_address>0x50</run_address>
         <size>0x38</size>
         <alignment>0x1</alignment>
         <input_file_ref idref="fl-3"/>
      </object_component>
      <object_component id="oc-83">
         <name>.debug_ranges</name>
         <load_address>0x88</load_address>
         <run_address>0x88</run_address>
         <size>0x90</size>
         <alignment>0x1</alignment>
         <input_file_ref idref="fl-4"/>
      </object_component>
      <object_component id="oc-39">
         <name>.debug_ranges</name>
         <load_address>0x118</load_address>
         <run_address>0x118</run_address>
         <size>0x48</size>
         <alignment>0x1</alignment>
         <input_file_ref idref="fl-2a"/>
      </object_component>
      <object_component id="oc-a1">
         <name>.debug_ranges</name>
         <load_address>0x160</load_address>
         <run_address>0x160</run_address>
         <size>0x48</size>
         <alignment>0x1</alignment>
         <input_file_ref idref="fl-2c"/>
      </object_component>
      <object_component id="oc-47">
         <name>.debug_ranges</name>
         <load_address>0x1a8</load_address>
         <run_address>0x1a8</run_address>
         <size>0x18</size>
         <alignment>0x1</alignment>
         <input_file_ref idref="fl-2f"/>
      </object_component>
      <object_component id="oc-3e">
         <name>.debug_ranges</name>
         <load_address>0x1c0</load_address>
         <run_address>0x1c0</run_address>
         <size>0x50</size>
         <alignment>0x1</alignment>
         <input_file_ref idref="fl-31"/>
      </object_component>
      <object_component id="oc-9a">
         <name>.debug_ranges</name>
         <load_address>0x210</load_address>
         <run_address>0x210</run_address>
         <size>0x18</size>
         <alignment>0x1</alignment>
         <input_file_ref idref="fl-32"/>
      </object_component>
      <object_component id="oc-5e">
         <name>.debug_ranges</name>
         <load_address>0x228</load_address>
         <run_address>0x228</run_address>
         <size>0x28</size>
         <alignment>0x1</alignment>
         <input_file_ref idref="fl-cb"/>
      </object_component>
      <object_component id="oc-75">
         <name>.debug_ranges</name>
         <load_address>0x250</load_address>
         <run_address>0x250</run_address>
         <size>0x28</size>
         <alignment>0x1</alignment>
         <input_file_ref idref="fl-ce"/>
      </object_component>
      <object_component id="oc-b6">
         <name>.debug_ranges</name>
         <load_address>0x278</load_address>
         <run_address>0x278</run_address>
         <size>0x28</size>
         <alignment>0x1</alignment>
         <input_file_ref idref="fl-cf"/>
      </object_component>
      <object_component id="oc-bf">
         <name>.debug_str</name>
         <load_address>0x0</load_address>
         <run_address>0x0</run_address>
         <size>0x1cff</size>
         <alignment>0x1</alignment>
         <input_file_ref idref="fl-1"/>
      </object_component>
      <object_component id="oc-35">
         <name>.debug_str</name>
         <load_address>0x1cff</load_address>
         <run_address>0x1cff</run_address>
         <size>0x183</size>
         <alignment>0x1</alignment>
         <input_file_ref idref="fl-2"/>
      </object_component>
      <object_component id="oc-97">
         <name>.debug_str</name>
         <load_address>0x1e82</load_address>
         <run_address>0x1e82</run_address>
         <size>0x703</size>
         <alignment>0x1</alignment>
         <input_file_ref idref="fl-3"/>
      </object_component>
      <object_component id="oc-c2">
         <name>.debug_str</name>
         <load_address>0x2585</load_address>
         <run_address>0x2585</run_address>
         <size>0x62e</size>
         <alignment>0x1</alignment>
         <input_file_ref idref="fl-4"/>
      </object_component>
      <object_component id="oc-ca">
         <name>.debug_str</name>
         <load_address>0x2bb3</load_address>
         <run_address>0x2bb3</run_address>
         <size>0x10a</size>
         <alignment>0x1</alignment>
         <input_file_ref idref="fl-29"/>
      </object_component>
      <object_component id="oc-37">
         <name>.debug_str</name>
         <load_address>0x2cbd</load_address>
         <run_address>0x2cbd</run_address>
         <size>0x225</size>
         <alignment>0x1</alignment>
         <input_file_ref idref="fl-2a"/>
      </object_component>
      <object_component id="oc-d4">
         <name>.debug_str</name>
         <load_address>0x2ee2</load_address>
         <run_address>0x2ee2</run_address>
         <size>0x32f</size>
         <alignment>0x1</alignment>
         <input_file_ref idref="fl-2c"/>
      </object_component>
      <object_component id="oc-7b">
         <name>.debug_str</name>
         <load_address>0x3211</load_address>
         <run_address>0x3211</run_address>
         <size>0xf5</size>
         <alignment>0x1</alignment>
         <input_file_ref idref="fl-2d"/>
      </object_component>
      <object_component id="oc-59">
         <name>.debug_str</name>
         <load_address>0x3306</load_address>
         <run_address>0x3306</run_address>
         <size>0x19b</size>
         <alignment>0x1</alignment>
         <input_file_ref idref="fl-2f"/>
      </object_component>
      <object_component id="oc-44">
         <name>.debug_str</name>
         <load_address>0x34a1</load_address>
         <run_address>0x34a1</run_address>
         <size>0x168</size>
         <alignment>0x1</alignment>
         <input_file_ref idref="fl-30"/>
      </object_component>
      <object_component id="oc-3c">
         <name>.debug_str</name>
         <load_address>0x3609</load_address>
         <run_address>0x3609</run_address>
         <size>0x1d5</size>
         <alignment>0x1</alignment>
         <input_file_ref idref="fl-31"/>
      </object_component>
      <object_component id="oc-ce">
         <name>.debug_str</name>
         <load_address>0x37de</load_address>
         <run_address>0x37de</run_address>
         <size>0x13f</size>
         <alignment>0x1</alignment>
         <input_file_ref idref="fl-32"/>
      </object_component>
      <object_component id="oc-7e">
         <name>.debug_frame</name>
         <load_address>0x0</load_address>
         <run_address>0x0</run_address>
         <size>0x98</size>
         <alignment>0x4</alignment>
         <input_file_ref idref="fl-1"/>
      </object_component>
      <object_component id="oc-30">
         <name>.debug_frame</name>
         <load_address>0x98</load_address>
         <run_address>0x98</run_address>
         <size>0x30</size>
         <alignment>0x4</alignment>
         <input_file_ref idref="fl-2"/>
      </object_component>
      <object_component id="oc-66">
         <name>.debug_frame</name>
         <load_address>0xc8</load_address>
         <run_address>0xc8</run_address>
         <size>0x90</size>
         <alignment>0x4</alignment>
         <input_file_ref idref="fl-3"/>
      </object_component>
      <object_component id="oc-84">
         <name>.debug_frame</name>
         <load_address>0x158</load_address>
         <run_address>0x158</run_address>
         <size>0x1b8</size>
         <alignment>0x4</alignment>
         <input_file_ref idref="fl-4"/>
      </object_component>
      <object_component id="oc-8f">
         <name>.debug_frame</name>
         <load_address>0x310</load_address>
         <run_address>0x310</run_address>
         <size>0x28</size>
         <alignment>0x4</alignment>
         <input_file_ref idref="fl-29"/>
      </object_component>
      <object_component id="oc-4e">
         <name>.debug_frame</name>
         <load_address>0x338</load_address>
         <run_address>0x338</run_address>
         <size>0x90</size>
         <alignment>0x4</alignment>
         <input_file_ref idref="fl-2a"/>
      </object_component>
      <object_component id="oc-a3">
         <name>.debug_frame</name>
         <load_address>0x3c8</load_address>
         <run_address>0x3c8</run_address>
         <size>0x100</size>
         <alignment>0x4</alignment>
         <input_file_ref idref="fl-2c"/>
      </object_component>
      <object_component id="oc-61">
         <name>.debug_frame</name>
         <load_address>0x4c8</load_address>
         <run_address>0x4c8</run_address>
         <size>0x20</size>
         <alignment>0x4</alignment>
         <input_file_ref idref="fl-2d"/>
      </object_component>
      <object_component id="oc-4a">
         <name>.debug_frame</name>
         <load_address>0x4e8</load_address>
         <run_address>0x4e8</run_address>
         <size>0x38</size>
         <alignment>0x4</alignment>
         <input_file_ref idref="fl-2f"/>
      </object_component>
      <object_component id="oc-23">
         <name>.debug_frame</name>
         <load_address>0x520</load_address>
         <run_address>0x520</run_address>
         <size>0x28</size>
         <alignment>0x4</alignment>
         <input_file_ref idref="fl-30"/>
      </object_component>
      <object_component id="oc-1d">
         <name>.debug_frame</name>
         <load_address>0x548</load_address>
         <run_address>0x548</run_address>
         <size>0x30</size>
         <alignment>0x4</alignment>
         <input_file_ref idref="fl-31"/>
      </object_component>
      <object_component id="oc-9b">
         <name>.debug_frame</name>
         <load_address>0x578</load_address>
         <run_address>0x578</run_address>
         <size>0x30</size>
         <alignment>0x4</alignment>
         <input_file_ref idref="fl-32"/>
      </object_component>
      <object_component id="oc-80">
         <name>.debug_line</name>
         <load_address>0x0</load_address>
         <run_address>0x0</run_address>
         <size>0x52d</size>
         <alignment>0x1</alignment>
         <input_file_ref idref="fl-1"/>
      </object_component>
      <object_component id="oc-32">
         <name>.debug_line</name>
         <load_address>0x52d</load_address>
         <run_address>0x52d</run_address>
         <size>0xb8</size>
         <alignment>0x1</alignment>
         <input_file_ref idref="fl-2"/>
      </object_component>
      <object_component id="oc-67">
         <name>.debug_line</name>
         <load_address>0x5e5</load_address>
         <run_address>0x5e5</run_address>
         <size>0x527</size>
         <alignment>0x1</alignment>
         <input_file_ref idref="fl-3"/>
      </object_component>
      <object_component id="oc-85">
         <name>.debug_line</name>
         <load_address>0xb0c</load_address>
         <run_address>0xb0c</run_address>
         <size>0x887</size>
         <alignment>0x1</alignment>
         <input_file_ref idref="fl-4"/>
      </object_component>
      <object_component id="oc-90">
         <name>.debug_line</name>
         <load_address>0x1393</load_address>
         <run_address>0x1393</run_address>
         <size>0x79</size>
         <alignment>0x1</alignment>
         <input_file_ref idref="fl-29"/>
      </object_component>
      <object_component id="oc-38">
         <name>.debug_line</name>
         <load_address>0x140c</load_address>
         <run_address>0x140c</run_address>
         <size>0x1dc</size>
         <alignment>0x1</alignment>
         <input_file_ref idref="fl-2a"/>
      </object_component>
      <object_component id="oc-a4">
         <name>.debug_line</name>
         <load_address>0x15e8</load_address>
         <run_address>0x15e8</run_address>
         <size>0x51a</size>
         <alignment>0x1</alignment>
         <input_file_ref idref="fl-2c"/>
      </object_component>
      <object_component id="oc-62">
         <name>.debug_line</name>
         <load_address>0x1b02</load_address>
         <run_address>0x1b02</run_address>
         <size>0x3e</size>
         <alignment>0x1</alignment>
         <input_file_ref idref="fl-2d"/>
      </object_component>
      <object_component id="oc-48">
         <name>.debug_line</name>
         <load_address>0x1b40</load_address>
         <run_address>0x1b40</run_address>
         <size>0xfe</size>
         <alignment>0x1</alignment>
         <input_file_ref idref="fl-2f"/>
      </object_component>
      <object_component id="oc-21">
         <name>.debug_line</name>
         <load_address>0x1c3e</load_address>
         <run_address>0x1c3e</run_address>
         <size>0xc0</size>
         <alignment>0x1</alignment>
         <input_file_ref idref="fl-30"/>
      </object_component>
      <object_component id="oc-1f">
         <name>.debug_line</name>
         <load_address>0x1cfe</load_address>
         <run_address>0x1cfe</run_address>
         <size>0x1c8</size>
         <alignment>0x1</alignment>
         <input_file_ref idref="fl-31"/>
      </object_component>
      <object_component id="oc-9c">
         <name>.debug_line</name>
         <load_address>0x1ec6</load_address>
         <run_address>0x1ec6</run_address>
         <size>0x69</size>
         <alignment>0x1</alignment>
         <input_file_ref idref="fl-32"/>
      </object_component>
      <object_component id="oc-42">
         <name>.debug_line</name>
         <load_address>0x1f2f</load_address>
         <run_address>0x1f2f</run_address>
         <size>0xa4</size>
         <alignment>0x1</alignment>
         <input_file_ref idref="fl-ca"/>
      </object_component>
      <object_component id="oc-5d">
         <name>.debug_line</name>
         <load_address>0x1fd3</load_address>
         <run_address>0x1fd3</run_address>
         <size>0xba</size>
         <alignment>0x1</alignment>
         <input_file_ref idref="fl-cb"/>
      </object_component>
      <object_component id="oc-76">
         <name>.debug_line</name>
         <load_address>0x208d</load_address>
         <run_address>0x208d</run_address>
         <size>0xa0</size>
         <alignment>0x1</alignment>
         <input_file_ref idref="fl-ce"/>
      </object_component>
      <object_component id="oc-b3">
         <name>.debug_line</name>
         <load_address>0x212d</load_address>
         <run_address>0x212d</run_address>
         <size>0x80</size>
         <alignment>0x1</alignment>
         <input_file_ref idref="fl-cf"/>
      </object_component>
      <object_component id="oc-41">
         <name>.debug_aranges</name>
         <load_address>0x0</load_address>
         <run_address>0x0</run_address>
         <size>0x20</size>
         <alignment>0x1</alignment>
         <input_file_ref idref="fl-ca"/>
      </object_component>
      <object_component id="oc-5b">
         <name>.debug_aranges</name>
         <load_address>0x20</load_address>
         <run_address>0x20</run_address>
         <size>0x28</size>
         <alignment>0x1</alignment>
         <input_file_ref idref="fl-cb"/>
      </object_component>
      <object_component id="oc-74">
         <name>.debug_aranges</name>
         <load_address>0x48</load_address>
         <run_address>0x48</run_address>
         <size>0x28</size>
         <alignment>0x1</alignment>
         <input_file_ref idref="fl-ce"/>
      </object_component>
      <object_component id="oc-b5">
         <name>.debug_aranges</name>
         <load_address>0x70</load_address>
         <run_address>0x70</run_address>
         <size>0x28</size>
         <alignment>0x1</alignment>
         <input_file_ref idref="fl-cf"/>
      </object_component>
   </object_component_list>
   <logical_group_list>
      <logical_group id="lg-2" display="no" color="cyan">
         <name>.intvecs</name>
         <load_address>0x0</load_address>
         <run_address>0x0</run_address>
         <size>0xc0</size>
         <contents>
            <object_component_ref idref="oc-18"/>
         </contents>
      </logical_group>
      <logical_group id="lg-3" display="no" color="cyan">
         <name>.text</name>
         <load_address>0xc0</load_address>
         <run_address>0xc0</run_address>
         <size>0xde8</size>
         <contents>
            <object_component_ref idref="oc-63"/>
            <object_component_ref idref="oc-87"/>
            <object_component_ref idref="oc-92"/>
            <object_component_ref idref="oc-82"/>
            <object_component_ref idref="oc-77"/>
            <object_component_ref idref="oc-bd"/>
            <object_component_ref idref="oc-1c"/>
            <object_component_ref idref="oc-c0"/>
            <object_component_ref idref="oc-b9"/>
            <object_component_ref idref="oc-b7"/>
            <object_component_ref idref="oc-33"/>
            <object_component_ref idref="oc-bc"/>
            <object_component_ref idref="oc-c3"/>
            <object_component_ref idref="oc-c5"/>
            <object_component_ref idref="oc-dd"/>
            <object_component_ref idref="oc-9f"/>
            <object_component_ref idref="oc-da"/>
            <object_component_ref idref="oc-b8"/>
            <object_component_ref idref="oc-8d"/>
            <object_component_ref idref="oc-ef"/>
            <object_component_ref idref="oc-f1"/>
            <object_component_ref idref="oc-e2"/>
            <object_component_ref idref="oc-4f"/>
            <object_component_ref idref="oc-c7"/>
            <object_component_ref idref="oc-e4"/>
            <object_component_ref idref="oc-c6"/>
            <object_component_ref idref="oc-dc"/>
            <object_component_ref idref="oc-e0"/>
            <object_component_ref idref="oc-bb"/>
            <object_component_ref idref="oc-81"/>
            <object_component_ref idref="oc-e3"/>
            <object_component_ref idref="oc-e5"/>
            <object_component_ref idref="oc-89"/>
            <object_component_ref idref="oc-8a"/>
            <object_component_ref idref="oc-7c"/>
            <object_component_ref idref="oc-e1"/>
            <object_component_ref idref="oc-f0"/>
            <object_component_ref idref="oc-88"/>
            <object_component_ref idref="oc-8b"/>
            <object_component_ref idref="oc-c4"/>
            <object_component_ref idref="oc-8c"/>
            <object_component_ref idref="oc-91"/>
            <object_component_ref idref="oc-20"/>
            <object_component_ref idref="oc-4c"/>
            <object_component_ref idref="oc-5a"/>
            <object_component_ref idref="oc-3f"/>
            <object_component_ref idref="oc-2f"/>
            <object_component_ref idref="oc-5f"/>
            <object_component_ref idref="oc-98"/>
         </contents>
      </logical_group>
      <logical_group id="lg-4" display="no" color="cyan">
         <name>.const</name>
         <run_address>0x0</run_address>
         <size>0x0</size>
         <contents>
         </contents>
      </logical_group>
      <logical_group id="lg-5" display="no" color="cyan">
         <name>.cinit</name>
         <load_address>0x1090</load_address>
         <run_address>0x1090</run_address>
         <size>0x148</size>
         <contents>
            <object_component_ref idref="oc-133"/>
            <object_component_ref idref="oc-131"/>
            <object_component_ref idref="oc-134"/>
            <object_component_ref idref="oc-132"/>
         </contents>
      </logical_group>
      <logical_group id="lg-6" display="no" color="cyan">
         <name>.pinit</name>
         <run_address>0x0</run_address>
         <size>0x0</size>
         <contents>
         </contents>
      </logical_group>
      <logical_group id="lg-7" display="no" color="cyan">
         <name>.rodata</name>
         <load_address>0xea8</load_address>
         <run_address>0xea8</run_address>
         <size>0x1e8</size>
         <contents>
            <object_component_ref idref="oc-cc"/>
            <object_component_ref idref="oc-95"/>
            <object_component_ref idref="oc-df"/>
            <object_component_ref idref="oc-db"/>
            <object_component_ref idref="oc-de"/>
         </contents>
      </logical_group>
      <logical_group id="lg-8" display="no" color="cyan">
         <name>.ARM.exidx</name>
         <run_address>0x0</run_address>
         <size>0x0</size>
         <contents>
         </contents>
      </logical_group>
      <logical_group id="lg-9" display="no" color="cyan">
         <name>.init_array</name>
         <run_address>0x0</run_address>
         <size>0x0</size>
         <contents>
         </contents>
      </logical_group>
      <logical_group id="lg-a" display="no" color="cyan">
         <name>.binit</name>
         <load_address>0x0</load_address>
         <run_address>0x0</run_address>
         <size>0x0</size>
         <contents>
            <object_component_ref idref="oc-fb"/>
         </contents>
      </logical_group>
      <logical_group id="lg-b" display="no" color="cyan">
         <name>.TI.ramfunc</name>
         <run_address>0x0</run_address>
         <size>0x0</size>
         <contents>
         </contents>
      </logical_group>
      <logical_group id="lg-c" display="no" color="cyan">
         <name>.vtable</name>
         <run_address>0x0</run_address>
         <size>0x0</size>
         <contents>
         </contents>
      </logical_group>
      <logical_group id="lg-d" display="no" color="cyan">
         <name>.args</name>
         <run_address>0x0</run_address>
         <size>0x0</size>
         <contents>
         </contents>
      </logical_group>
      <logical_group id="lg-e" display="no" color="cyan">
         <name>.data</name>
         <run_address>0x20000800</run_address>
         <size>0x201</size>
         <contents>
            <object_component_ref idref="oc-93"/>
            <object_component_ref idref="oc-c8"/>
         </contents>
      </logical_group>
      <logical_group id="lg-f" display="no" color="cyan">
         <name>.bss</name>
         <run_address>0x20000000</run_address>
         <size>0x800</size>
         <contents>
            <object_component_ref idref="oc-94"/>
         </contents>
      </logical_group>
      <logical_group id="lg-10" display="no" color="cyan">
         <name>.sysmem</name>
         <run_address>0x0</run_address>
         <size>0x0</size>
         <contents>
         </contents>
      </logical_group>
      <logical_group id="lg-11" display="no" color="cyan">
         <name>.stack</name>
         <run_address>0x20000f00</run_address>
         <size>0x100</size>
         <contents>
            <object_component_ref idref="oc-1a"/>
            <object_component_ref idref="oc-136"/>
         </contents>
      </logical_group>
      <logical_group id="lg-12" display="no" color="cyan">
         <name>.BCRConfig</name>
         <run_address>0x0</run_address>
         <size>0x0</size>
         <contents>
         </contents>
      </logical_group>
      <logical_group id="lg-13" display="no" color="cyan">
         <name>.BSLConfig</name>
         <run_address>0x0</run_address>
         <size>0x0</size>
         <contents>
         </contents>
      </logical_group>
      <logical_group id="lg-f2" display="no" color="cyan">
         <name>.TI.noinit</name>
         <run_address>0x0</run_address>
         <size>0x0</size>
         <contents>
         </contents>
      </logical_group>
      <logical_group id="lg-f3" display="no" color="cyan">
         <name>.TI.persistent</name>
         <run_address>0x0</run_address>
         <size>0x0</size>
         <contents>
         </contents>
      </logical_group>
      <logical_group id="lg-f4" display="no" color="cyan">
         <name>.TI.local</name>
         <run_address>0x0</run_address>
         <size>0x0</size>
         <contents>
         </contents>
      </logical_group>
      <logical_group id="lg-f5" display="no" color="cyan">
         <name>.TI.onchip</name>
         <run_address>0x0</run_address>
         <size>0x0</size>
         <contents>
         </contents>
      </logical_group>
      <logical_group id="lg-f6" display="no" color="cyan">
         <name>.TI.offchip</name>
         <run_address>0x0</run_address>
         <size>0x0</size>
         <contents>
         </contents>
      </logical_group>
      <logical_group id="lg-f7" display="no" color="cyan">
         <name>__llvm_prf_cnts</name>
         <run_address>0x20000000</run_address>
         <size>0x0</size>
         <contents>
         </contents>
      </logical_group>
      <logical_group id="lg-f9" display="no" color="cyan">
         <name>__llvm_prf_bits</name>
         <run_address>0x20000000</run_address>
         <size>0x0</size>
         <contents>
         </contents>
      </logical_group>
      <logical_group id="lg-115" display="never" color="cyan">
         <name>.debug_loc</name>
         <load_address>0x0</load_address>
         <run_address>0x0</run_address>
         <size>0xbd8</size>
         <contents>
            <object_component_ref idref="oc-ba"/>
            <object_component_ref idref="oc-cb"/>
            <object_component_ref idref="oc-3a"/>
            <object_component_ref idref="oc-a0"/>
            <object_component_ref idref="oc-4b"/>
            <object_component_ref idref="oc-45"/>
            <object_component_ref idref="oc-3d"/>
            <object_component_ref idref="oc-9e"/>
         </contents>
      </logical_group>
      <logical_group id="lg-117" display="never" color="cyan">
         <name>.debug_abbrev</name>
         <load_address>0x0</load_address>
         <run_address>0x0</run_address>
         <size>0xb6d</size>
         <contents>
            <object_component_ref idref="oc-be"/>
            <object_component_ref idref="oc-34"/>
            <object_component_ref idref="oc-96"/>
            <object_component_ref idref="oc-c1"/>
            <object_component_ref idref="oc-c9"/>
            <object_component_ref idref="oc-36"/>
            <object_component_ref idref="oc-d3"/>
            <object_component_ref idref="oc-7a"/>
            <object_component_ref idref="oc-58"/>
            <object_component_ref idref="oc-43"/>
            <object_component_ref idref="oc-3b"/>
            <object_component_ref idref="oc-cd"/>
            <object_component_ref idref="oc-57"/>
            <object_component_ref idref="oc-79"/>
            <object_component_ref idref="oc-b1"/>
            <object_component_ref idref="oc-d9"/>
            <object_component_ref idref="oc-138"/>
         </contents>
      </logical_group>
      <logical_group id="lg-119" display="never" color="cyan">
         <name>.debug_info</name>
         <load_address>0x0</load_address>
         <run_address>0x0</run_address>
         <size>0x6317</size>
         <contents>
            <object_component_ref idref="oc-7f"/>
            <object_component_ref idref="oc-19"/>
            <object_component_ref idref="oc-64"/>
            <object_component_ref idref="oc-86"/>
            <object_component_ref idref="oc-8e"/>
            <object_component_ref idref="oc-1b"/>
            <object_component_ref idref="oc-a2"/>
            <object_component_ref idref="oc-60"/>
            <object_component_ref idref="oc-49"/>
            <object_component_ref idref="oc-22"/>
            <object_component_ref idref="oc-1e"/>
            <object_component_ref idref="oc-99"/>
            <object_component_ref idref="oc-40"/>
            <object_component_ref idref="oc-5c"/>
            <object_component_ref idref="oc-73"/>
            <object_component_ref idref="oc-b4"/>
            <object_component_ref idref="oc-137"/>
         </contents>
      </logical_group>
      <logical_group id="lg-11b" display="never" color="cyan">
         <name>.debug_ranges</name>
         <load_address>0x0</load_address>
         <run_address>0x0</run_address>
         <size>0x2a0</size>
         <contents>
            <object_component_ref idref="oc-7d"/>
            <object_component_ref idref="oc-31"/>
            <object_component_ref idref="oc-65"/>
            <object_component_ref idref="oc-83"/>
            <object_component_ref idref="oc-39"/>
            <object_component_ref idref="oc-a1"/>
            <object_component_ref idref="oc-47"/>
            <object_component_ref idref="oc-3e"/>
            <object_component_ref idref="oc-9a"/>
            <object_component_ref idref="oc-5e"/>
            <object_component_ref idref="oc-75"/>
            <object_component_ref idref="oc-b6"/>
         </contents>
      </logical_group>
      <logical_group id="lg-11d" display="never" color="cyan">
         <name>.debug_str</name>
         <load_address>0x0</load_address>
         <run_address>0x0</run_address>
         <size>0x391d</size>
         <contents>
            <object_component_ref idref="oc-bf"/>
            <object_component_ref idref="oc-35"/>
            <object_component_ref idref="oc-97"/>
            <object_component_ref idref="oc-c2"/>
            <object_component_ref idref="oc-ca"/>
            <object_component_ref idref="oc-37"/>
            <object_component_ref idref="oc-d4"/>
            <object_component_ref idref="oc-7b"/>
            <object_component_ref idref="oc-59"/>
            <object_component_ref idref="oc-44"/>
            <object_component_ref idref="oc-3c"/>
            <object_component_ref idref="oc-ce"/>
         </contents>
      </logical_group>
      <logical_group id="lg-11f" display="never" color="cyan">
         <name>.debug_frame</name>
         <load_address>0x0</load_address>
         <run_address>0x0</run_address>
         <size>0x5a8</size>
         <contents>
            <object_component_ref idref="oc-7e"/>
            <object_component_ref idref="oc-30"/>
            <object_component_ref idref="oc-66"/>
            <object_component_ref idref="oc-84"/>
            <object_component_ref idref="oc-8f"/>
            <object_component_ref idref="oc-4e"/>
            <object_component_ref idref="oc-a3"/>
            <object_component_ref idref="oc-61"/>
            <object_component_ref idref="oc-4a"/>
            <object_component_ref idref="oc-23"/>
            <object_component_ref idref="oc-1d"/>
            <object_component_ref idref="oc-9b"/>
         </contents>
      </logical_group>
      <logical_group id="lg-121" display="never" color="cyan">
         <name>.debug_line</name>
         <load_address>0x0</load_address>
         <run_address>0x0</run_address>
         <size>0x21ad</size>
         <contents>
            <object_component_ref idref="oc-80"/>
            <object_component_ref idref="oc-32"/>
            <object_component_ref idref="oc-67"/>
            <object_component_ref idref="oc-85"/>
            <object_component_ref idref="oc-90"/>
            <object_component_ref idref="oc-38"/>
            <object_component_ref idref="oc-a4"/>
            <object_component_ref idref="oc-62"/>
            <object_component_ref idref="oc-48"/>
            <object_component_ref idref="oc-21"/>
            <object_component_ref idref="oc-1f"/>
            <object_component_ref idref="oc-9c"/>
            <object_component_ref idref="oc-42"/>
            <object_component_ref idref="oc-5d"/>
            <object_component_ref idref="oc-76"/>
            <object_component_ref idref="oc-b3"/>
         </contents>
      </logical_group>
      <logical_group id="lg-12b" display="never" color="cyan">
         <name>.debug_aranges</name>
         <load_address>0x0</load_address>
         <run_address>0x0</run_address>
         <size>0x98</size>
         <contents>
            <object_component_ref idref="oc-41"/>
            <object_component_ref idref="oc-5b"/>
            <object_component_ref idref="oc-74"/>
            <object_component_ref idref="oc-b5"/>
         </contents>
      </logical_group>
      <logical_group id="lg-135" display="no" color="cyan">
         <name>Veneer$$CMSE</name>
         <run_address>0x0</run_address>
         <size>0x0</size>
         <contents>
         </contents>
      </logical_group>
      <load_segment id="lg-13e" display="no" color="cyan">
         <name>SEGMENT_0</name>
         <load_address>0x0</load_address>
         <run_address>0x0</run_address>
         <size>0x11d8</size>
         <flags>0x5</flags>
         <contents>
            <logical_group_ref idref="lg-2"/>
            <logical_group_ref idref="lg-3"/>
            <logical_group_ref idref="lg-7"/>
            <logical_group_ref idref="lg-5"/>
         </contents>
      </load_segment>
      <load_segment id="lg-13f" display="no" color="cyan">
         <name>SEGMENT_1</name>
         <run_address>0x20000000</run_address>
         <size>0xa01</size>
         <flags>0x6</flags>
         <contents>
            <logical_group_ref idref="lg-f"/>
            <logical_group_ref idref="lg-e"/>
         </contents>
      </load_segment>
      <load_segment id="lg-140" display="no" color="cyan">
         <name>SEGMENT_2</name>
         <run_address>0x20000f00</run_address>
         <size>0x100</size>
         <flags>0x6</flags>
         <contents>
            <logical_group_ref idref="lg-11"/>
         </contents>
      </load_segment>
   </logical_group_list>
   <placement_map>
      <memory_area display="yes" color="green">
         <name>FLASH</name>
         <page_id>0x0</page_id>
         <origin>0x0</origin>
         <length>0xfff8</length>
         <used_space>0x11d8</used_space>
         <unused_space>0xee20</unused_space>
         <attributes>RX</attributes>
         <usage_details>
            <allocated_space>
               <start_address>0x0</start_address>
               <size>0x0</size>
               <logical_group_ref idref="lg-a"/>
            </allocated_space>
            <allocated_space>
               <start_address>0x0</start_address>
               <size>0xc0</size>
               <logical_group_ref idref="lg-2"/>
            </allocated_space>
            <allocated_space>
               <start_address>0xc0</start_address>
               <size>0xde8</size>
               <logical_group_ref idref="lg-3"/>
            </allocated_space>
            <allocated_space>
               <start_address>0xea8</start_address>
               <size>0x1e8</size>
               <logical_group_ref idref="lg-7"/>
            </allocated_space>
            <allocated_space>
               <start_address>0x1090</start_address>
               <size>0x148</size>
               <logical_group_ref idref="lg-5"/>
            </allocated_space>
            <available_space>
               <start_address>0x11d8</start_address>
               <size>0xee20</size>
            </available_space>
         </usage_details>
      </memory_area>
      <memory_area display="yes" color="green">
         <name>SRAM</name>
         <page_id>0x0</page_id>
         <origin>0x20000000</origin>
         <length>0x1000</length>
         <used_space>0xb01</used_space>
         <unused_space>0x4ff</unused_space>
         <attributes>RWX</attributes>
         <usage_details>
            <allocated_space>
               <start_address>0x20000000</start_address>
               <size>0x0</size>
               <logical_group_ref idref="lg-f7"/>
            </allocated_space>
            <allocated_space>
               <start_address>0x20000000</start_address>
               <size>0x0</size>
               <logical_group_ref idref="lg-f9"/>
            </allocated_space>
            <allocated_space>
               <start_address>0x20000000</start_address>
               <size>0x800</size>
               <logical_group_ref idref="lg-f"/>
            </allocated_space>
            <allocated_space>
               <start_address>0x20000800</start_address>
               <size>0x201</size>
               <logical_group_ref idref="lg-e"/>
            </allocated_space>
            <available_space>
               <start_address>0x20000a01</start_address>
               <size>0x4ff</size>
            </available_space>
            <allocated_space>
               <start_address>0x20000f00</start_address>
               <size>0x100</size>
               <logical_group_ref idref="lg-11"/>
            </allocated_space>
         </usage_details>
      </memory_area>
      <memory_area display="yes" color="green">
         <name>BCR_CONFIG</name>
         <page_id>0x0</page_id>
         <origin>0x41c00000</origin>
         <length>0x80</length>
         <used_space>0x0</used_space>
         <unused_space>0x80</unused_space>
         <attributes>R</attributes>
         <usage_details>
         </usage_details>
      </memory_area>
      <memory_area display="yes" color="green">
         <name>BSL_CONFIG</name>
         <page_id>0x0</page_id>
         <origin>0x41c00100</origin>
         <length>0x80</length>
         <used_space>0x0</used_space>
         <unused_space>0x80</unused_space>
         <attributes>R</attributes>
         <usage_details>
         </usage_details>
      </memory_area>
   </placement_map>
   <cptbl_list>
      <cptbl>
         <name>__TI_cinit_table</name>
         <cprec>
            <name>.data</name>
            <load_address>0x1090</load_address>
            <load_size>0x121</load_size>
            <run_address>0x20000800</run_address>
            <run_size>0x201</run_size>
            <compression>lzss</compression>
         </cprec>
         <cprec>
            <name>.bss</name>
            <load_address>0x11c0</load_address>
            <load_size>0x8</load_size>
            <run_address>0x20000000</run_address>
            <run_size>0x800</run_size>
            <compression>zero_init</compression>
         </cprec>
      </cptbl>
   </cptbl_list>
   <handler_table>
      <handler_table_name>__TI_handler_table</handler_table_name>
      <handler>
         <index>0x0</index>
         <name>__TI_decompress_lzss</name>
      </handler>
      <handler>
         <index>0x1</index>
         <name>__TI_decompress_none</name>
      </handler>
      <handler>
         <index>0x2</index>
         <name>__TI_zero_init</name>
      </handler>
   </handler_table>
   <symbol_table>
      <symbol id="sm-1">
         <name>__start___llvm_prf_cnts</name>
         <value>0x20000000</value>
      </symbol>
      <symbol id="sm-2">
         <name>__stop___llvm_prf_cnts</name>
         <value>0x20000000</value>
      </symbol>
      <symbol id="sm-3">
         <name>__start___llvm_prf_bits</name>
         <value>0x20000000</value>
      </symbol>
      <symbol id="sm-4">
         <name>__stop___llvm_prf_bits</name>
         <value>0x20000000</value>
      </symbol>
      <symbol id="sm-5">
         <name>__TI_CINIT_Base</name>
         <value>0x11c8</value>
      </symbol>
      <symbol id="sm-6">
         <name>__TI_CINIT_Limit</name>
         <value>0x11d8</value>
      </symbol>
      <symbol id="sm-7">
         <name>__TI_CINIT_Warm</name>
         <value>0x11d8</value>
      </symbol>
      <symbol id="sm-8">
         <name>__TI_Handler_Table_Base</name>
         <value>0x11b4</value>
      </symbol>
      <symbol id="sm-9">
         <name>__TI_Handler_Table_Limit</name>
         <value>0x11c0</value>
      </symbol>
      <symbol id="sm-a">
         <name>binit</name>
         <value>0xffffffff</value>
      </symbol>
      <symbol id="sm-b">
         <name>__binit__</name>
         <value>0xffffffff</value>
      </symbol>
      <symbol id="sm-c">
         <name>__STACK_SIZE</name>
         <value>0x100</value>
      </symbol>
      <symbol id="sm-d">
         <name>__STACK_END</name>
         <value>0x20001000</value>
      </symbol>
      <symbol id="sm-e">
         <name>__TI_pprof_out_hndl</name>
         <value>0xffffffff</value>
      </symbol>
      <symbol id="sm-f">
         <name>__TI_prof_data_start</name>
         <value>0xffffffff</value>
      </symbol>
      <symbol id="sm-10">
         <name>__TI_prof_data_size</name>
         <value>0xffffffff</value>
      </symbol>
      <symbol id="sm-51">
         <name>SYSCFG_DL_init</name>
         <value>0xdbd</value>
         <object_component_ref idref="oc-7c"/>
      </symbol>
      <symbol id="sm-52">
         <name>SYSCFG_DL_initPower</name>
         <value>0xb71</value>
         <object_component_ref idref="oc-b8"/>
      </symbol>
      <symbol id="sm-53">
         <name>SYSCFG_DL_GPIO_init</name>
         <value>0x8dd</value>
         <object_component_ref idref="oc-b9"/>
      </symbol>
      <symbol id="sm-54">
         <name>SYSCFG_DL_SYSCTL_init</name>
         <value>0xd29</value>
         <object_component_ref idref="oc-bb"/>
      </symbol>
      <symbol id="sm-55">
         <name>SYSCFG_DL_I2C_init</name>
         <value>0x9b9</value>
         <object_component_ref idref="oc-bc"/>
      </symbol>
      <symbol id="sm-56">
         <name>SYSCFG_DL_UART_0_init</name>
         <value>0x769</value>
         <object_component_ref idref="oc-bd"/>
      </symbol>
      <symbol id="sm-61">
         <name>Default_Handler</name>
         <value>0x9b7</value>
         <object_component_ref idref="oc-33"/>
      </symbol>
      <symbol id="sm-62">
         <name>Reset_Handler</name>
         <value>0xe9d</value>
         <object_component_ref idref="oc-2f"/>
      </symbol>
      <symbol id="sm-63">
         <name>interruptVectors</name>
         <value>0x0</value>
         <object_component_ref idref="oc-18"/>
      </symbol>
      <symbol id="sm-64">
         <name>NMI_Handler</name>
         <value>0x9b7</value>
         <object_component_ref idref="oc-33"/>
      </symbol>
      <symbol id="sm-65">
         <name>HardFault_Handler</name>
         <value>0x9b7</value>
         <object_component_ref idref="oc-33"/>
      </symbol>
      <symbol id="sm-66">
         <name>SVC_Handler</name>
         <value>0x9b7</value>
         <object_component_ref idref="oc-33"/>
      </symbol>
      <symbol id="sm-67">
         <name>PendSV_Handler</name>
         <value>0x9b7</value>
         <object_component_ref idref="oc-33"/>
      </symbol>
      <symbol id="sm-68">
         <name>SysTick_Handler</name>
         <value>0x9b7</value>
         <object_component_ref idref="oc-33"/>
      </symbol>
      <symbol id="sm-69">
         <name>GROUP0_IRQHandler</name>
         <value>0x9b7</value>
         <object_component_ref idref="oc-33"/>
      </symbol>
      <symbol id="sm-6a">
         <name>GROUP1_IRQHandler</name>
         <value>0x9b7</value>
         <object_component_ref idref="oc-33"/>
      </symbol>
      <symbol id="sm-6b">
         <name>TIMG1_IRQHandler</name>
         <value>0x9b7</value>
         <object_component_ref idref="oc-33"/>
      </symbol>
      <symbol id="sm-6c">
         <name>ADC0_IRQHandler</name>
         <value>0x9b7</value>
         <object_component_ref idref="oc-33"/>
      </symbol>
      <symbol id="sm-6d">
         <name>SPI0_IRQHandler</name>
         <value>0x9b7</value>
         <object_component_ref idref="oc-33"/>
      </symbol>
      <symbol id="sm-6e">
         <name>UART1_IRQHandler</name>
         <value>0x9b7</value>
         <object_component_ref idref="oc-33"/>
      </symbol>
      <symbol id="sm-6f">
         <name>UART0_IRQHandler</name>
         <value>0x9b7</value>
         <object_component_ref idref="oc-33"/>
      </symbol>
      <symbol id="sm-70">
         <name>TIMG0_IRQHandler</name>
         <value>0x9b7</value>
         <object_component_ref idref="oc-33"/>
      </symbol>
      <symbol id="sm-71">
         <name>TIMG2_IRQHandler</name>
         <value>0x9b7</value>
         <object_component_ref idref="oc-33"/>
      </symbol>
      <symbol id="sm-72">
         <name>TIMG4_IRQHandler</name>
         <value>0x9b7</value>
         <object_component_ref idref="oc-33"/>
      </symbol>
      <symbol id="sm-73">
         <name>I2C0_IRQHandler</name>
         <value>0x9b7</value>
         <object_component_ref idref="oc-33"/>
      </symbol>
      <symbol id="sm-74">
         <name>I2C1_IRQHandler</name>
         <value>0x9b7</value>
         <object_component_ref idref="oc-33"/>
      </symbol>
      <symbol id="sm-75">
         <name>DMA_IRQHandler</name>
         <value>0x9b7</value>
         <object_component_ref idref="oc-33"/>
      </symbol>
      <symbol id="sm-93">
         <name>main</name>
         <value>0xc1</value>
         <object_component_ref idref="oc-63"/>
      </symbol>
      <symbol id="sm-94">
         <name>sys_state</name>
         <value>0x20000a00</value>
         <object_component_ref idref="oc-93"/>
      </symbol>
      <symbol id="sm-95">
         <name>rxPacket</name>
         <value>0x20000000</value>
      </symbol>
      <symbol id="sm-bd">
         <name>OLED_Init</name>
         <value>0x62d</value>
         <object_component_ref idref="oc-82"/>
      </symbol>
      <symbol id="sm-be">
         <name>OLED_command</name>
         <value>0x865</value>
         <object_component_ref idref="oc-c0"/>
      </symbol>
      <symbol id="sm-bf">
         <name>OLED_write</name>
         <value>0x44d</value>
         <object_component_ref idref="oc-87"/>
      </symbol>
      <symbol id="sm-c0">
         <name>OLED_clear</name>
         <value>0xe51</value>
         <object_component_ref idref="oc-91"/>
      </symbol>
      <symbol id="sm-c1">
         <name>OLED_num</name>
         <value>0x545</value>
         <object_component_ref idref="oc-92"/>
      </symbol>
      <symbol id="sm-c2">
         <name>__TI_ATRegion0_src_addr</name>
         <value>0x0</value>
      </symbol>
      <symbol id="sm-c3">
         <name>__TI_ATRegion0_trg_addr</name>
         <value>0x0</value>
      </symbol>
      <symbol id="sm-c4">
         <name>__TI_ATRegion0_region_sz</name>
         <value>0x0</value>
      </symbol>
      <symbol id="sm-c5">
         <name>__TI_ATRegion1_src_addr</name>
         <value>0x0</value>
      </symbol>
      <symbol id="sm-c6">
         <name>__TI_ATRegion1_trg_addr</name>
         <value>0x0</value>
      </symbol>
      <symbol id="sm-c7">
         <name>__TI_ATRegion1_region_sz</name>
         <value>0x0</value>
      </symbol>
      <symbol id="sm-c8">
         <name>__TI_ATRegion2_src_addr</name>
         <value>0x0</value>
      </symbol>
      <symbol id="sm-c9">
         <name>__TI_ATRegion2_trg_addr</name>
         <value>0x0</value>
      </symbol>
      <symbol id="sm-ca">
         <name>__TI_ATRegion2_region_sz</name>
         <value>0x0</value>
      </symbol>
      <symbol id="sm-cd">
         <name>DL_Common_delayCycles</name>
         <value>0xe01</value>
         <object_component_ref idref="oc-88"/>
      </symbol>
      <symbol id="sm-e3">
         <name>DL_I2C_setClockConfig</name>
         <value>0xb3d</value>
         <object_component_ref idref="oc-da"/>
      </symbol>
      <symbol id="sm-e4">
         <name>DL_I2C_fillControllerTXFIFO</name>
         <value>0xa11</value>
         <object_component_ref idref="oc-c3"/>
      </symbol>
      <symbol id="sm-e5">
         <name>DL_I2C_flushControllerTXFIFO</name>
         <value>0xc79</value>
         <object_component_ref idref="oc-c7"/>
      </symbol>
      <symbol id="sm-ef">
         <name>DL_UART_init</name>
         <value>0xab5</value>
         <object_component_ref idref="oc-dd"/>
      </symbol>
      <symbol id="sm-f0">
         <name>DL_UART_setClockConfig</name>
         <value>0xce9</value>
         <object_component_ref idref="oc-dc"/>
      </symbol>
      <symbol id="sm-f9">
         <name>strstr</name>
         <value>0xba5</value>
         <object_component_ref idref="oc-8d"/>
      </symbol>
      <symbol id="sm-104">
         <name>_c_int00_noargs</name>
         <value>0xc51</value>
         <object_component_ref idref="oc-4f"/>
      </symbol>
      <symbol id="sm-105">
         <name>__stack</name>
         <value>0x20000f00</value>
         <object_component_ref idref="oc-1a"/>
      </symbol>
      <symbol id="sm-111">
         <name>__TI_auto_init_nobinit_nopinit</name>
         <value>0xb01</value>
         <object_component_ref idref="oc-9f"/>
      </symbol>
      <symbol id="sm-119">
         <name>_system_pre_init</name>
         <value>0xea1</value>
         <object_component_ref idref="oc-5f"/>
      </symbol>
      <symbol id="sm-124">
         <name>__TI_zero_init</name>
         <value>0xe77</value>
         <object_component_ref idref="oc-4c"/>
      </symbol>
      <symbol id="sm-12d">
         <name>__TI_decompress_none</name>
         <value>0xe65</value>
         <object_component_ref idref="oc-20"/>
      </symbol>
      <symbol id="sm-138">
         <name>__TI_decompress_lzss</name>
         <value>0x7e9</value>
         <object_component_ref idref="oc-1c"/>
      </symbol>
      <symbol id="sm-142">
         <name>abort</name>
         <value>0xea5</value>
         <object_component_ref idref="oc-98"/>
      </symbol>
      <symbol id="sm-143">
         <name>C$$EXIT</name>
         <value>0xea4</value>
         <object_component_ref idref="oc-98"/>
      </symbol>
      <symbol id="sm-14b">
         <name>__aeabi_memcpy</name>
         <value>0xe95</value>
         <object_component_ref idref="oc-3f"/>
      </symbol>
      <symbol id="sm-14c">
         <name>__aeabi_memcpy4</name>
         <value>0xe95</value>
         <object_component_ref idref="oc-3f"/>
      </symbol>
      <symbol id="sm-14d">
         <name>__aeabi_memcpy8</name>
         <value>0xe95</value>
         <object_component_ref idref="oc-3f"/>
      </symbol>
      <symbol id="sm-154">
         <name>__aeabi_memclr</name>
         <value>0xe89</value>
         <object_component_ref idref="oc-5a"/>
      </symbol>
      <symbol id="sm-155">
         <name>__aeabi_memclr4</name>
         <value>0xe89</value>
         <object_component_ref idref="oc-5a"/>
      </symbol>
      <symbol id="sm-156">
         <name>__aeabi_memclr8</name>
         <value>0xe89</value>
         <object_component_ref idref="oc-5a"/>
      </symbol>
      <symbol id="sm-170">
         <name>memcpy</name>
         <value>0x6cf</value>
         <object_component_ref idref="oc-77"/>
      </symbol>
      <symbol id="sm-17f">
         <name>memset</name>
         <value>0x955</value>
         <object_component_ref idref="oc-b7"/>
      </symbol>
      <symbol id="sm-180">
         <name>__TI_static_base__</name>
         <value>0x0</value>
      </symbol>
      <symbol id="sm-183">
         <name>__mpu_init</name>
         <value>0x0</value>
      </symbol>
      <symbol id="sm-184">
         <name>_system_post_cinit</name>
         <value>0x0</value>
      </symbol>
   </symbol_table>
   <title>Link successful</title>
</link_info>
