******************************************************************************
            TI ARM Clang Linker PC v4.0.0                      
******************************************************************************
>> Linked Wed Oct 30 16:17:32 2024

OUTPUT FILE NAME:   <i2c_controller_rw_multibyte_fifo_poll_LP_MSPM0L1306_nortos_ticlang.out>
ENTRY POINT SYMBOL: "_c_int00_noargs"  address: 00000c55


MEMORY CONFIGURATION

         name            origin    length      used     unused   attr    fill
----------------------  --------  ---------  --------  --------  ----  --------
  FLASH                 00000000   0000fff8  000011e0  0000ee18  R  X
  SRAM                  20000000   00001000  00000b01  000004ff  RW X
  BCR_CONFIG            41c00000   00000080  00000000  00000080  R   
  BSL_CONFIG            41c00100   00000080  00000000  00000080  R   


SEGMENT ALLOCATION MAP

run origin  load origin   length   init length attrs members
----------  ----------- ---------- ----------- ----- -------
00000000    00000000    000011e0   000011e0    r-x
  00000000    00000000    000000c0   000000c0    r-- .intvecs
  000000c0    000000c0    00000df0   00000df0    r-x .text
  00000eb0    00000eb0    000001e8   000001e8    r-- .rodata
  00001098    00001098    00000148   00000148    r-- .cinit
20000000    20000000    00000a01   00000000    rw-
  20000000    20000000    00000800   00000000    rw- .bss
  20000800    20000800    00000201   00000000    rw- .data
20000f00    20000f00    00000100   00000000    rw-
  20000f00    20000f00    00000100   00000000    rw- .stack


SECTION ALLOCATION MAP

 output                                  attributes/
section   page    origin      length       input sections
--------  ----  ----------  ----------   ----------------
.intvecs   0    00000000    000000c0     
                  00000000    000000c0     startup_mspm0l130x_ticlang.o (.intvecs)

.text      0    000000c0    00000df0     
                  000000c0    00000390     i2c_controller_rw_multibyte_fifo_poll.o (.text.main)
                  00000450    000000f8     oled.o (.text.OLED_write)
                  00000548    000000e8     oled.o (.text.OLED_num)
                  00000630    000000a2     oled.o (.text.OLED_Init)
                  000006d2    0000009a     libc.a : memcpy16.S.obj (.text:memcpy)
                  0000076c    00000080     ti_msp_dl_config.o (.text.SYSCFG_DL_UART_0_init)
                  000007ec    0000007c     libc.a : copy_decompress_lzss.c.obj (.text:decompress:lzss)
                  00000868    00000078     oled.o (.text.OLED_command)
                  000008e0    00000078     ti_msp_dl_config.o (.text.SYSCFG_DL_GPIO_init)
                  00000958    00000062     libc.a : memset16.S.obj (.text:memset)
                  000009ba    00000002     startup_mspm0l130x_ticlang.o (.text.Default_Handler)
                  000009bc    00000058     ti_msp_dl_config.o (.text.SYSCFG_DL_I2C_init)
                  00000a14    00000054     driverlib.a : dl_i2c.o (.text.DL_I2C_fillControllerTXFIFO)
                  00000a68    00000050     oled.o (.text.DL_I2C_startControllerTransfer)
                  00000ab8    0000004c     driverlib.a : dl_uart.o (.text.DL_UART_init)
                  00000b04    0000003c     libc.a : autoinit.c.obj (.text:__TI_auto_init_nobinit_nopinit)
                  00000b40    00000034     driverlib.a : dl_i2c.o (.text.DL_I2C_setClockConfig)
                  00000b74    00000034     ti_msp_dl_config.o (.text.SYSCFG_DL_initPower)
                  00000ba8    00000032     libc.a : strstr.c.obj (.text.strstr)
                  00000bda    00000028     driverlib.a : dl_i2c.o (.text.DL_Common_updateReg)
                  00000c02    00000028                 : dl_uart.o (.text.DL_Common_updateReg)
                  00000c2a    00000028     oled.o (.text.DL_Common_updateReg)
                  00000c52    00000002     --HOLE-- [fill = 0]
                  00000c54    00000028     libc.a : boot_cortex_m.c.obj (.text:_c_int00_noargs)
                  00000c7c    00000026     driverlib.a : dl_i2c.o (.text.DL_I2C_flushControllerTXFIFO)
                  00000ca2    00000002     --HOLE-- [fill = 0]
                  00000ca4    00000024                 : dl_i2c.o (.text.DL_I2C_isControllerTXFIFOEmpty)
                  00000cc8    00000024     oled.o (.text.DL_I2C_isControllerTXFIFOEmpty)
                  00000cec    00000024     driverlib.a : dl_uart.o (.text.DL_UART_setClockConfig)
                  00000d10    0000001c                 : dl_i2c.o (.text.DL_I2C_isControllerTXFIFOFull)
                  00000d2c    0000001c     ti_msp_dl_config.o (.text.SYSCFG_DL_SYSCTL_init)
                  00000d48    00000018     i2c_controller_rw_multibyte_fifo_poll.o (.text.DL_GPIO_setPins)
                  00000d60    00000018     driverlib.a : dl_i2c.o (.text.DL_I2C_startFlushControllerTXFIFO)
                  00000d78    00000018                 : dl_i2c.o (.text.DL_I2C_stopFlushControllerTXFIFO)
                  00000d90    00000018     i2c_controller_rw_multibyte_fifo_poll.o (.text.DL_UART_isBusy)
                  00000da8    00000018     i2c_controller_rw_multibyte_fifo_poll.o (.text.DL_UART_isRXFIFOEmpty)
                  00000dc0    00000018     ti_msp_dl_config.o (.text.SYSCFG_DL_init)
                  00000dd8    00000016     driverlib.a : dl_i2c.o (.text.DL_I2C_transmitControllerData)
                  00000dee    00000016                 : dl_uart.o (.text.DL_UART_disable)
                  00000e04    00000014                 : dl_common.o (.text.DL_Common_delayCycles)
                  00000e18    00000014     i2c_controller_rw_multibyte_fifo_poll.o (.text.DL_GPIO_clearPins)
                  00000e2c    00000014     oled.o (.text.DL_I2C_getControllerStatus)
                  00000e40    00000014     i2c_controller_rw_multibyte_fifo_poll.o (.text.DL_UART_receiveData)
                  00000e54    00000014     oled.o (.text.OLED_clear)
                  00000e68    00000012     libc.a : copy_decompress_none.c.obj (.text:decompress:none)
                  00000e7a    00000010            : copy_zero_init.c.obj (.text:decompress:ZI)
                  00000e8a    00000002     --HOLE-- [fill = 0]
                  00000e8c    0000000c     libclang_rt.builtins.a : aeabi_memset.S.obj (.text.__aeabi_memclr)
                  00000e98    00000008                            : aeabi_memcpy.S.obj (.text.__aeabi_memcpy)
                  00000ea0    00000004     startup_mspm0l130x_ticlang.o (.text.Reset_Handler)
                  00000ea4    00000004     libc.a : pre_init.c.obj (.text._system_pre_init)
                  00000ea8    00000004            : exit.c.obj (.text:abort)
                  00000eac    00000004     --HOLE-- [fill = 0]

.cinit     0    00001098    00000148     
                  00001098    00000122     (.cinit..data.load) [load image, compression = lzss]
                  000011ba    00000002     --HOLE-- [fill = 0]
                  000011bc    0000000c     (__TI_handler_table)
                  000011c8    00000008     (.cinit..bss.load) [load image, compression = zero_init]
                  000011d0    00000010     (__TI_cinit_table)

.rodata    0    00000eb0    000001e8     
                  00000eb0    000001ce     oled.o (.rodata.OLED_numbers_16x24)
                  0000107e    0000000a     i2c_controller_rw_multibyte_fifo_poll.o (.rodata..L.str)
                  00001088    0000000a     ti_msp_dl_config.o (.rodata.gUART_0Config)
                  00001092    00000002     ti_msp_dl_config.o (.rodata.gI2CClockConfig)
                  00001094    00000002     ti_msp_dl_config.o (.rodata.gUART_0ClockConfig)
                  00001096    00000002     --HOLE-- [fill = 0]

.init_array 
*          0    00000000    00000000     UNINITIALIZED

.binit     0    00000000    00000000     

.bss       0    20000000    00000800     UNINITIALIZED
                  20000000    00000800     (.common:rxPacket)

.data      0    20000800    00000201     UNINITIALIZED
                  20000800    00000200     oled.o (.data.OLED_buffer)
                  20000a00    00000001     i2c_controller_rw_multibyte_fifo_poll.o (.data.sys_state)

.stack     0    20000f00    00000100     UNINITIALIZED
                  20000f00    00000004     libc.a : boot_cortex_m.c.obj (.stack)
                  20000f04    000000fc     --HOLE--

__llvm_prf_cnts 
*          0    20000000    00000000     UNINITIALIZED

__llvm_prf_bits 
*          0    20000000    00000000     UNINITIALIZED

MODULE SUMMARY

       Module                                    code   ro data   rw data
       ------                                    ----   -------   -------
    .\
       i2c_controller_rw_multibyte_fifo_poll.o   1024   10        2049   
       oled.o                                    958    462       512    
       ti_msp_dl_config.o                        440    14        0      
       startup_mspm0l130x_ticlang.o              6      192       0      
    +--+-----------------------------------------+------+---------+---------+
       Total:                                    2428   678       2561   
                                                                         
    C:/ti/mspm0_sdk_2_02_00_05/source/ti/driverlib/lib/ticlang/m0p/mspm0l11xx_l13xx/driverlib.a
       dl_i2c.o                                  348    0         0      
       dl_uart.o                                 174    0         0      
       dl_common.o                               20     0         0      
    +--+-----------------------------------------+------+---------+---------+
       Total:                                    542    0         0      
                                                                         
    C:\ti\ccstheia151\ccs\tools\compiler\ti-cgt-armllvm_4.0.0.LTS\lib\armv6m-ti-none-eabi/c/libc.a
       memcpy16.S.obj                            154    0         0      
       copy_decompress_lzss.c.obj                124    0         0      
       memset16.S.obj                            98     0         0      
       autoinit.c.obj                            60     0         0      
       strstr.c.obj                              50     0         0      
       boot_cortex_m.c.obj                       40     0         0      
       copy_decompress_none.c.obj                18     0         0      
       copy_zero_init.c.obj                      16     0         0      
       exit.c.obj                                4      0         0      
       pre_init.c.obj                            4      0         0      
    +--+-----------------------------------------+------+---------+---------+
       Total:                                    568    0         0      
                                                                         
    C:\ti\ccstheia151\ccs\tools\compiler\ti-cgt-armllvm_4.0.0.LTS\lib\armv6m-ti-none-eabi/libclang_rt.builtins.a
       aeabi_memset.S.obj                        12     0         0      
       aeabi_memcpy.S.obj                        8      0         0      
    +--+-----------------------------------------+------+---------+---------+
       Total:                                    20     0         0      
                                                                         
       Stack:                                    0      0         256    
       Linker Generated:                         0      326       0      
    +--+-----------------------------------------+------+---------+---------+
       Grand Total:                              3558   1004      2817   


LINKER GENERATED COPY TABLES

__TI_cinit_table @ 000011d0 records: 2, size/record: 8, table size: 16
	.data: load addr=00001098, load size=00000122 bytes, run addr=20000800, run size=00000201 bytes, compression=lzss
	.bss: load addr=000011c8, load size=00000008 bytes, run addr=20000000, run size=00000800 bytes, compression=zero_init


LINKER GENERATED HANDLER TABLE

__TI_handler_table @ 000011bc records: 3, size/record: 4, table size: 12
	index: 0, handler: __TI_decompress_lzss
	index: 1, handler: __TI_decompress_none
	index: 2, handler: __TI_zero_init


GLOBAL SYMBOLS: SORTED ALPHABETICALLY BY Name 

address   name                          
-------   ----                          
000009bb  ADC0_IRQHandler               
00000ea8  C$$EXIT                       
00000e05  DL_Common_delayCycles         
00000a15  DL_I2C_fillControllerTXFIFO   
00000c7d  DL_I2C_flushControllerTXFIFO  
00000b41  DL_I2C_setClockConfig         
00000ab9  DL_UART_init                  
00000ced  DL_UART_setClockConfig        
000009bb  DMA_IRQHandler                
000009bb  Default_Handler               
000009bb  GROUP0_IRQHandler             
000009bb  GROUP1_IRQHandler             
000009bb  HardFault_Handler             
000009bb  I2C0_IRQHandler               
000009bb  I2C1_IRQHandler               
000009bb  NMI_Handler                   
00000631  OLED_Init                     
00000e55  OLED_clear                    
00000869  OLED_command                  
00000549  OLED_num                      
00000451  OLED_write                    
000009bb  PendSV_Handler                
00000ea1  Reset_Handler                 
000009bb  SPI0_IRQHandler               
000009bb  SVC_Handler                   
000008e1  SYSCFG_DL_GPIO_init           
000009bd  SYSCFG_DL_I2C_init            
00000d2d  SYSCFG_DL_SYSCTL_init         
0000076d  SYSCFG_DL_UART_0_init         
00000dc1  SYSCFG_DL_init                
00000b75  SYSCFG_DL_initPower           
000009bb  SysTick_Handler               
000009bb  TIMG0_IRQHandler              
000009bb  TIMG1_IRQHandler              
000009bb  TIMG2_IRQHandler              
000009bb  TIMG4_IRQHandler              
000009bb  UART0_IRQHandler              
000009bb  UART1_IRQHandler              
20001000  __STACK_END                   
00000100  __STACK_SIZE                  
00000000  __TI_ATRegion0_region_sz      
00000000  __TI_ATRegion0_src_addr       
00000000  __TI_ATRegion0_trg_addr       
00000000  __TI_ATRegion1_region_sz      
00000000  __TI_ATRegion1_src_addr       
00000000  __TI_ATRegion1_trg_addr       
00000000  __TI_ATRegion2_region_sz      
00000000  __TI_ATRegion2_src_addr       
00000000  __TI_ATRegion2_trg_addr       
000011d0  __TI_CINIT_Base               
000011e0  __TI_CINIT_Limit              
000011e0  __TI_CINIT_Warm               
000011bc  __TI_Handler_Table_Base       
000011c8  __TI_Handler_Table_Limit      
00000b05  __TI_auto_init_nobinit_nopinit
000007ed  __TI_decompress_lzss          
00000e69  __TI_decompress_none          
ffffffff  __TI_pprof_out_hndl           
ffffffff  __TI_prof_data_size           
ffffffff  __TI_prof_data_start          
00000000  __TI_static_base__            
00000e7b  __TI_zero_init                
00000e8d  __aeabi_memclr                
00000e8d  __aeabi_memclr4               
00000e8d  __aeabi_memclr8               
00000e99  __aeabi_memcpy                
00000e99  __aeabi_memcpy4               
00000e99  __aeabi_memcpy8               
ffffffff  __binit__                     
UNDEFED   __mpu_init                    
20000f00  __stack                       
20000000  __start___llvm_prf_bits       
20000000  __start___llvm_prf_cnts       
20000000  __stop___llvm_prf_bits        
20000000  __stop___llvm_prf_cnts        
00000c55  _c_int00_noargs               
UNDEFED   _system_post_cinit            
00000ea5  _system_pre_init              
00000ea9  abort                         
ffffffff  binit                         
00000000  interruptVectors              
000000c1  main                          
000006d3  memcpy                        
00000959  memset                        
20000000  rxPacket                      
00000ba9  strstr                        
20000a00  sys_state                     


GLOBAL SYMBOLS: SORTED BY Symbol Address 

address   name                          
-------   ----                          
00000000  __TI_ATRegion0_region_sz      
00000000  __TI_ATRegion0_src_addr       
00000000  __TI_ATRegion0_trg_addr       
00000000  __TI_ATRegion1_region_sz      
00000000  __TI_ATRegion1_src_addr       
00000000  __TI_ATRegion1_trg_addr       
00000000  __TI_ATRegion2_region_sz      
00000000  __TI_ATRegion2_src_addr       
00000000  __TI_ATRegion2_trg_addr       
00000000  __TI_static_base__            
00000000  interruptVectors              
000000c1  main                          
00000100  __STACK_SIZE                  
00000451  OLED_write                    
00000549  OLED_num                      
00000631  OLED_Init                     
000006d3  memcpy                        
0000076d  SYSCFG_DL_UART_0_init         
000007ed  __TI_decompress_lzss          
00000869  OLED_command                  
000008e1  SYSCFG_DL_GPIO_init           
00000959  memset                        
000009bb  ADC0_IRQHandler               
000009bb  DMA_IRQHandler                
000009bb  Default_Handler               
000009bb  GROUP0_IRQHandler             
000009bb  GROUP1_IRQHandler             
000009bb  HardFault_Handler             
000009bb  I2C0_IRQHandler               
000009bb  I2C1_IRQHandler               
000009bb  NMI_Handler                   
000009bb  PendSV_Handler                
000009bb  SPI0_IRQHandler               
000009bb  SVC_Handler                   
000009bb  SysTick_Handler               
000009bb  TIMG0_IRQHandler              
000009bb  TIMG1_IRQHandler              
000009bb  TIMG2_IRQHandler              
000009bb  TIMG4_IRQHandler              
000009bb  UART0_IRQHandler              
000009bb  UART1_IRQHandler              
000009bd  SYSCFG_DL_I2C_init            
00000a15  DL_I2C_fillControllerTXFIFO   
00000ab9  DL_UART_init                  
00000b05  __TI_auto_init_nobinit_nopinit
00000b41  DL_I2C_setClockConfig         
00000b75  SYSCFG_DL_initPower           
00000ba9  strstr                        
00000c55  _c_int00_noargs               
00000c7d  DL_I2C_flushControllerTXFIFO  
00000ced  DL_UART_setClockConfig        
00000d2d  SYSCFG_DL_SYSCTL_init         
00000dc1  SYSCFG_DL_init                
00000e05  DL_Common_delayCycles         
00000e55  OLED_clear                    
00000e69  __TI_decompress_none          
00000e7b  __TI_zero_init                
00000e8d  __aeabi_memclr                
00000e8d  __aeabi_memclr4               
00000e8d  __aeabi_memclr8               
00000e99  __aeabi_memcpy                
00000e99  __aeabi_memcpy4               
00000e99  __aeabi_memcpy8               
00000ea1  Reset_Handler                 
00000ea5  _system_pre_init              
00000ea8  C$$EXIT                       
00000ea9  abort                         
000011bc  __TI_Handler_Table_Base       
000011c8  __TI_Handler_Table_Limit      
000011d0  __TI_CINIT_Base               
000011e0  __TI_CINIT_Limit              
000011e0  __TI_CINIT_Warm               
20000000  __start___llvm_prf_bits       
20000000  __start___llvm_prf_cnts       
20000000  __stop___llvm_prf_bits        
20000000  __stop___llvm_prf_cnts        
20000000  rxPacket                      
20000a00  sys_state                     
20000f00  __stack                       
20001000  __STACK_END                   
ffffffff  __TI_pprof_out_hndl           
ffffffff  __TI_prof_data_size           
ffffffff  __TI_prof_data_start          
ffffffff  __binit__                     
ffffffff  binit                         
UNDEFED   __mpu_init                    
UNDEFED   _system_post_cinit            

[87 symbols]
