******************************************************************************
            TI ARM Clang Linker PC v4.0.0                      
******************************************************************************
>> Linked Tue Oct 29 19:47:00 2024

OUTPUT FILE NAME:   <i2c_controller_rw_multibyte_fifo_poll_LP_MSPM0L1306_nortos_ticlang.out>
ENTRY POINT SYMBOL: "_c_int00_noargs"  address: 00000c21


MEMORY CONFIGURATION

         name            origin    length      used     unused   attr    fill
----------------------  --------  ---------  --------  --------  ----  --------
  FLASH                 00000000   0000fff8  000011a8  0000ee50  R  X
  SRAM                  20000000   00001000  00000b01  000004ff  RW X
  BCR_CONFIG            41c00000   00000080  00000000  00000080  R   
  BSL_CONFIG            41c00100   00000080  00000000  00000080  R   


SEGMENT ALLOCATION MAP

run origin  load origin   length   init length attrs members
----------  ----------- ---------- ----------- ----- -------
00000000    00000000    000011a8   000011a8    r-x
  00000000    00000000    000000c0   000000c0    r-- .intvecs
  000000c0    000000c0    00000db8   00000db8    r-x .text
  00000e78    00000e78    000001e8   000001e8    r-- .rodata
  00001060    00001060    00000148   00000148    r-- .cinit
20000000    20000000    00000a01   00000000    rw-
  20000000    20000000    00000800   00000000    rw- .bss
  20000800    20000800    00000201   00000000    rw- .data
20000f00    20000f00    00000100   00000000    rw-
  20000f00    20000f00    00000100   00000000    rw- .stack


SECTION ALLOCATION MAP

 output                                  attributes/
section   page    origin      length       input sections
--------  ----  ----------  ----------   ----------------
.intvecs   0    00000000    000000c0     
                  00000000    000000c0     startup_mspm0l130x_ticlang.o (.intvecs)

.text      0    000000c0    00000db8     
                  000000c0    0000035c     i2c_controller_rw_multibyte_fifo_poll.o (.text.main)
                  0000041c    000000f8     oled.o (.text.OLED_write)
                  00000514    000000e8     oled.o (.text.OLED_num)
                  000005fc    000000a2     oled.o (.text.OLED_Init)
                  0000069e    0000009a     libc.a : memcpy16.S.obj (.text:memcpy)
                  00000738    00000080     ti_msp_dl_config.o (.text.SYSCFG_DL_UART_0_init)
                  000007b8    0000007c     libc.a : copy_decompress_lzss.c.obj (.text:decompress:lzss)
                  00000834    00000078     oled.o (.text.OLED_command)
                  000008ac    00000078     ti_msp_dl_config.o (.text.SYSCFG_DL_GPIO_init)
                  00000924    00000062     libc.a : memset16.S.obj (.text:memset)
                  00000986    00000002     startup_mspm0l130x_ticlang.o (.text.Default_Handler)
                  00000988    00000058     ti_msp_dl_config.o (.text.SYSCFG_DL_I2C_init)
                  000009e0    00000054     driverlib.a : dl_i2c.o (.text.DL_I2C_fillControllerTXFIFO)
                  00000a34    00000050     oled.o (.text.DL_I2C_startControllerTransfer)
                  00000a84    0000004c     driverlib.a : dl_uart.o (.text.DL_UART_init)
                  00000ad0    0000003c     libc.a : autoinit.c.obj (.text:__TI_auto_init_nobinit_nopinit)
                  00000b0c    00000034     driverlib.a : dl_i2c.o (.text.DL_I2C_setClockConfig)
                  00000b40    00000034     ti_msp_dl_config.o (.text.SYSCFG_DL_initPower)
                  00000b74    00000032     libc.a : strstr.c.obj (.text.strstr)
                  00000ba6    00000028     driverlib.a : dl_i2c.o (.text.DL_Common_updateReg)
                  00000bce    00000028                 : dl_uart.o (.text.DL_Common_updateReg)
                  00000bf6    00000028     oled.o (.text.DL_Common_updateReg)
                  00000c1e    00000002     --HOLE-- [fill = 0]
                  00000c20    00000028     libc.a : boot_cortex_m.c.obj (.text:_c_int00_noargs)
                  00000c48    00000026     driverlib.a : dl_i2c.o (.text.DL_I2C_flushControllerTXFIFO)
                  00000c6e    00000002     --HOLE-- [fill = 0]
                  00000c70    00000024                 : dl_i2c.o (.text.DL_I2C_isControllerTXFIFOEmpty)
                  00000c94    00000024     oled.o (.text.DL_I2C_isControllerTXFIFOEmpty)
                  00000cb8    00000024     driverlib.a : dl_uart.o (.text.DL_UART_setClockConfig)
                  00000cdc    0000001c                 : dl_i2c.o (.text.DL_I2C_isControllerTXFIFOFull)
                  00000cf8    0000001c     ti_msp_dl_config.o (.text.SYSCFG_DL_SYSCTL_init)
                  00000d14    00000018     i2c_controller_rw_multibyte_fifo_poll.o (.text.DL_GPIO_setPins)
                  00000d2c    00000018     driverlib.a : dl_i2c.o (.text.DL_I2C_startFlushControllerTXFIFO)
                  00000d44    00000018                 : dl_i2c.o (.text.DL_I2C_stopFlushControllerTXFIFO)
                  00000d5c    00000018     i2c_controller_rw_multibyte_fifo_poll.o (.text.DL_UART_isBusy)
                  00000d74    00000018     i2c_controller_rw_multibyte_fifo_poll.o (.text.DL_UART_isRXFIFOEmpty)
                  00000d8c    00000018     ti_msp_dl_config.o (.text.SYSCFG_DL_init)
                  00000da4    00000016     driverlib.a : dl_i2c.o (.text.DL_I2C_transmitControllerData)
                  00000dba    00000016                 : dl_uart.o (.text.DL_UART_disable)
                  00000dd0    00000014                 : dl_common.o (.text.DL_Common_delayCycles)
                  00000de4    00000014     i2c_controller_rw_multibyte_fifo_poll.o (.text.DL_GPIO_clearPins)
                  00000df8    00000014     oled.o (.text.DL_I2C_getControllerStatus)
                  00000e0c    00000014     i2c_controller_rw_multibyte_fifo_poll.o (.text.DL_UART_receiveData)
                  00000e20    00000014     oled.o (.text.OLED_clear)
                  00000e34    00000012     libc.a : copy_decompress_none.c.obj (.text:decompress:none)
                  00000e46    00000010            : copy_zero_init.c.obj (.text:decompress:ZI)
                  00000e56    00000002     --HOLE-- [fill = 0]
                  00000e58    0000000c     libclang_rt.builtins.a : aeabi_memset.S.obj (.text.__aeabi_memclr)
                  00000e64    00000008                            : aeabi_memcpy.S.obj (.text.__aeabi_memcpy)
                  00000e6c    00000004     startup_mspm0l130x_ticlang.o (.text.Reset_Handler)
                  00000e70    00000004     libc.a : pre_init.c.obj (.text._system_pre_init)
                  00000e74    00000004            : exit.c.obj (.text:abort)

.cinit     0    00001060    00000148     
                  00001060    00000122     (.cinit..data.load) [load image, compression = lzss]
                  00001182    00000002     --HOLE-- [fill = 0]
                  00001184    0000000c     (__TI_handler_table)
                  00001190    00000008     (.cinit..bss.load) [load image, compression = zero_init]
                  00001198    00000010     (__TI_cinit_table)

.rodata    0    00000e78    000001e8     
                  00000e78    000001ce     oled.o (.rodata.OLED_numbers_16x24)
                  00001046    0000000a     i2c_controller_rw_multibyte_fifo_poll.o (.rodata..L.str)
                  00001050    0000000a     ti_msp_dl_config.o (.rodata.gUART_0Config)
                  0000105a    00000002     ti_msp_dl_config.o (.rodata.gI2CClockConfig)
                  0000105c    00000002     ti_msp_dl_config.o (.rodata.gUART_0ClockConfig)
                  0000105e    00000002     --HOLE-- [fill = 0]

.init_array 
*          0    00000000    00000000     UNINITIALIZED

.binit     0    00000000    00000000     

.bss       0    20000000    00000800     UNINITIALIZED
                  20000000    00000800     (.common:rxPacket)

.data      0    20000800    00000201     UNINITIALIZED
                  20000800    00000200     oled.o (.data.OLED_buffer)
                  20000a00    00000001     i2c_controller_rw_multibyte_fifo_poll.o (.data.sys_state)

.stack     0    20000f00    00000100     UNINITIALIZED
                  20000f00    00000004     libc.a : boot_cortex_m.c.obj (.stack)
                  20000f04    000000fc     --HOLE--

__llvm_prf_cnts 
*          0    20000000    00000000     UNINITIALIZED

__llvm_prf_bits 
*          0    20000000    00000000     UNINITIALIZED

MODULE SUMMARY

       Module                                    code   ro data   rw data
       ------                                    ----   -------   -------
    .\
       i2c_controller_rw_multibyte_fifo_poll.o   972    10        2049   
       oled.o                                    958    462       512    
       ti_msp_dl_config.o                        440    14        0      
       startup_mspm0l130x_ticlang.o              6      192       0      
    +--+-----------------------------------------+------+---------+---------+
       Total:                                    2376   678       2561   
                                                                         
    C:/ti/mspm0_sdk_2_02_00_05/source/ti/driverlib/lib/ticlang/m0p/mspm0l11xx_l13xx/driverlib.a
       dl_i2c.o                                  348    0         0      
       dl_uart.o                                 174    0         0      
       dl_common.o                               20     0         0      
    +--+-----------------------------------------+------+---------+---------+
       Total:                                    542    0         0      
                                                                         
    C:\ti\ccstheia151\ccs\tools\compiler\ti-cgt-armllvm_4.0.0.LTS\lib\armv6m-ti-none-eabi/c/libc.a
       memcpy16.S.obj                            154    0         0      
       copy_decompress_lzss.c.obj                124    0         0      
       memset16.S.obj                            98     0         0      
       autoinit.c.obj                            60     0         0      
       strstr.c.obj                              50     0         0      
       boot_cortex_m.c.obj                       40     0         0      
       copy_decompress_none.c.obj                18     0         0      
       copy_zero_init.c.obj                      16     0         0      
       exit.c.obj                                4      0         0      
       pre_init.c.obj                            4      0         0      
    +--+-----------------------------------------+------+---------+---------+
       Total:                                    568    0         0      
                                                                         
    C:\ti\ccstheia151\ccs\tools\compiler\ti-cgt-armllvm_4.0.0.LTS\lib\armv6m-ti-none-eabi/libclang_rt.builtins.a
       aeabi_memset.S.obj                        12     0         0      
       aeabi_memcpy.S.obj                        8      0         0      
    +--+-----------------------------------------+------+---------+---------+
       Total:                                    20     0         0      
                                                                         
       Stack:                                    0      0         256    
       Linker Generated:                         0      326       0      
    +--+-----------------------------------------+------+---------+---------+
       Grand Total:                              3506   1004      2817   


LINKER GENERATED COPY TABLES

__TI_cinit_table @ 00001198 records: 2, size/record: 8, table size: 16
	.data: load addr=00001060, load size=00000122 bytes, run addr=20000800, run size=00000201 bytes, compression=lzss
	.bss: load addr=00001190, load size=00000008 bytes, run addr=20000000, run size=00000800 bytes, compression=zero_init


LINKER GENERATED HANDLER TABLE

__TI_handler_table @ 00001184 records: 3, size/record: 4, table size: 12
	index: 0, handler: __TI_decompress_lzss
	index: 1, handler: __TI_decompress_none
	index: 2, handler: __TI_zero_init


GLOBAL SYMBOLS: SORTED ALPHABETICALLY BY Name 

address   name                          
-------   ----                          
00000987  ADC0_IRQHandler               
00000e74  C$$EXIT                       
00000dd1  DL_Common_delayCycles         
000009e1  DL_I2C_fillControllerTXFIFO   
00000c49  DL_I2C_flushControllerTXFIFO  
00000b0d  DL_I2C_setClockConfig         
00000a85  DL_UART_init                  
00000cb9  DL_UART_setClockConfig        
00000987  DMA_IRQHandler                
00000987  Default_Handler               
00000987  GROUP0_IRQHandler             
00000987  GROUP1_IRQHandler             
00000987  HardFault_Handler             
00000987  I2C0_IRQHandler               
00000987  I2C1_IRQHandler               
00000987  NMI_Handler                   
000005fd  OLED_Init                     
00000e21  OLED_clear                    
00000835  OLED_command                  
00000515  OLED_num                      
0000041d  OLED_write                    
00000987  PendSV_Handler                
00000e6d  Reset_Handler                 
00000987  SPI0_IRQHandler               
00000987  SVC_Handler                   
000008ad  SYSCFG_DL_GPIO_init           
00000989  SYSCFG_DL_I2C_init            
00000cf9  SYSCFG_DL_SYSCTL_init         
00000739  SYSCFG_DL_UART_0_init         
00000d8d  SYSCFG_DL_init                
00000b41  SYSCFG_DL_initPower           
00000987  SysTick_Handler               
00000987  TIMG0_IRQHandler              
00000987  TIMG1_IRQHandler              
00000987  TIMG2_IRQHandler              
00000987  TIMG4_IRQHandler              
00000987  UART0_IRQHandler              
00000987  UART1_IRQHandler              
20001000  __STACK_END                   
00000100  __STACK_SIZE                  
00000000  __TI_ATRegion0_region_sz      
00000000  __TI_ATRegion0_src_addr       
00000000  __TI_ATRegion0_trg_addr       
00000000  __TI_ATRegion1_region_sz      
00000000  __TI_ATRegion1_src_addr       
00000000  __TI_ATRegion1_trg_addr       
00000000  __TI_ATRegion2_region_sz      
00000000  __TI_ATRegion2_src_addr       
00000000  __TI_ATRegion2_trg_addr       
00001198  __TI_CINIT_Base               
000011a8  __TI_CINIT_Limit              
000011a8  __TI_CINIT_Warm               
00001184  __TI_Handler_Table_Base       
00001190  __TI_Handler_Table_Limit      
00000ad1  __TI_auto_init_nobinit_nopinit
000007b9  __TI_decompress_lzss          
00000e35  __TI_decompress_none          
ffffffff  __TI_pprof_out_hndl           
ffffffff  __TI_prof_data_size           
ffffffff  __TI_prof_data_start          
00000000  __TI_static_base__            
00000e47  __TI_zero_init                
00000e59  __aeabi_memclr                
00000e59  __aeabi_memclr4               
00000e59  __aeabi_memclr8               
00000e65  __aeabi_memcpy                
00000e65  __aeabi_memcpy4               
00000e65  __aeabi_memcpy8               
ffffffff  __binit__                     
UNDEFED   __mpu_init                    
20000f00  __stack                       
20000000  __start___llvm_prf_bits       
20000000  __start___llvm_prf_cnts       
20000000  __stop___llvm_prf_bits        
20000000  __stop___llvm_prf_cnts        
00000c21  _c_int00_noargs               
UNDEFED   _system_post_cinit            
00000e71  _system_pre_init              
00000e75  abort                         
ffffffff  binit                         
00000000  interruptVectors              
000000c1  main                          
0000069f  memcpy                        
00000925  memset                        
20000000  rxPacket                      
00000b75  strstr                        
20000a00  sys_state                     


GLOBAL SYMBOLS: SORTED BY Symbol Address 

address   name                          
-------   ----                          
00000000  __TI_ATRegion0_region_sz      
00000000  __TI_ATRegion0_src_addr       
00000000  __TI_ATRegion0_trg_addr       
00000000  __TI_ATRegion1_region_sz      
00000000  __TI_ATRegion1_src_addr       
00000000  __TI_ATRegion1_trg_addr       
00000000  __TI_ATRegion2_region_sz      
00000000  __TI_ATRegion2_src_addr       
00000000  __TI_ATRegion2_trg_addr       
00000000  __TI_static_base__            
00000000  interruptVectors              
000000c1  main                          
00000100  __STACK_SIZE                  
0000041d  OLED_write                    
00000515  OLED_num                      
000005fd  OLED_Init                     
0000069f  memcpy                        
00000739  SYSCFG_DL_UART_0_init         
000007b9  __TI_decompress_lzss          
00000835  OLED_command                  
000008ad  SYSCFG_DL_GPIO_init           
00000925  memset                        
00000987  ADC0_IRQHandler               
00000987  DMA_IRQHandler                
00000987  Default_Handler               
00000987  GROUP0_IRQHandler             
00000987  GROUP1_IRQHandler             
00000987  HardFault_Handler             
00000987  I2C0_IRQHandler               
00000987  I2C1_IRQHandler               
00000987  NMI_Handler                   
00000987  PendSV_Handler                
00000987  SPI0_IRQHandler               
00000987  SVC_Handler                   
00000987  SysTick_Handler               
00000987  TIMG0_IRQHandler              
00000987  TIMG1_IRQHandler              
00000987  TIMG2_IRQHandler              
00000987  TIMG4_IRQHandler              
00000987  UART0_IRQHandler              
00000987  UART1_IRQHandler              
00000989  SYSCFG_DL_I2C_init            
000009e1  DL_I2C_fillControllerTXFIFO   
00000a85  DL_UART_init                  
00000ad1  __TI_auto_init_nobinit_nopinit
00000b0d  DL_I2C_setClockConfig         
00000b41  SYSCFG_DL_initPower           
00000b75  strstr                        
00000c21  _c_int00_noargs               
00000c49  DL_I2C_flushControllerTXFIFO  
00000cb9  DL_UART_setClockConfig        
00000cf9  SYSCFG_DL_SYSCTL_init         
00000d8d  SYSCFG_DL_init                
00000dd1  DL_Common_delayCycles         
00000e21  OLED_clear                    
00000e35  __TI_decompress_none          
00000e47  __TI_zero_init                
00000e59  __aeabi_memclr                
00000e59  __aeabi_memclr4               
00000e59  __aeabi_memclr8               
00000e65  __aeabi_memcpy                
00000e65  __aeabi_memcpy4               
00000e65  __aeabi_memcpy8               
00000e6d  Reset_Handler                 
00000e71  _system_pre_init              
00000e74  C$$EXIT                       
00000e75  abort                         
00001184  __TI_Handler_Table_Base       
00001190  __TI_Handler_Table_Limit      
00001198  __TI_CINIT_Base               
000011a8  __TI_CINIT_Limit              
000011a8  __TI_CINIT_Warm               
20000000  __start___llvm_prf_bits       
20000000  __start___llvm_prf_cnts       
20000000  __stop___llvm_prf_bits        
20000000  __stop___llvm_prf_cnts        
20000000  rxPacket                      
20000a00  sys_state                     
20000f00  __stack                       
20001000  __STACK_END                   
ffffffff  __TI_pprof_out_hndl           
ffffffff  __TI_prof_data_size           
ffffffff  __TI_prof_data_start          
ffffffff  __binit__                     
ffffffff  binit                         
UNDEFED   __mpu_init                    
UNDEFED   _system_post_cinit            

[87 symbols]
